Archive member included to satisfy reference by file (symbol)

C:/ST/STM32CubeIDE_1.13.1/STM32CubeIDE/plugins/com.st.stm32cube.ide.mcu.externaltools.gnu-tools-for-stm32.11.3.rel1.win32_1.1.100.202309141235/tools/bin/../lib/gcc/arm-none-eabi/11.3.1/../../../../arm-none-eabi/lib/thumb/v6-m/nofp\libc.a(libc_a-exit.o)
                              C:/ST/STM32CubeIDE_1.13.1/STM32CubeIDE/plugins/com.st.stm32cube.ide.mcu.externaltools.gnu-tools-for-stm32.11.3.rel1.win32_1.1.100.202309141235/tools/bin/../lib/gcc/arm-none-eabi/11.3.1/../../../../arm-none-eabi/lib/thumb/v6-m/nofp/crt0.o (exit)
C:/ST/STM32CubeIDE_1.13.1/STM32CubeIDE/plugins/com.st.stm32cube.ide.mcu.externaltools.gnu-tools-for-stm32.11.3.rel1.win32_1.1.100.202309141235/tools/bin/../lib/gcc/arm-none-eabi/11.3.1/../../../../arm-none-eabi/lib/thumb/v6-m/nofp\libc.a(libc_a-strtod.o)
                              ./my_lib/Src/my_conversions.o (strtod)
C:/ST/STM32CubeIDE_1.13.1/STM32CubeIDE/plugins/com.st.stm32cube.ide.mcu.externaltools.gnu-tools-for-stm32.11.3.rel1.win32_1.1.100.202309141235/tools/bin/../lib/gcc/arm-none-eabi/11.3.1/../../../../arm-none-eabi/lib/thumb/v6-m/nofp\libc.a(libc_a-ctype_.o)
                              ./my_drvs/Src/astronode_application.o (_ctype_)
C:/ST/STM32CubeIDE_1.13.1/STM32CubeIDE/plugins/com.st.stm32cube.ide.mcu.externaltools.gnu-tools-for-stm32.11.3.rel1.win32_1.1.100.202309141235/tools/bin/../lib/gcc/arm-none-eabi/11.3.1/../../../../arm-none-eabi/lib/thumb/v6-m/nofp\libc.a(libc_a-findfp.o)
                              C:/ST/STM32CubeIDE_1.13.1/STM32CubeIDE/plugins/com.st.stm32cube.ide.mcu.externaltools.gnu-tools-for-stm32.11.3.rel1.win32_1.1.100.202309141235/tools/bin/../lib/gcc/arm-none-eabi/11.3.1/../../../../arm-none-eabi/lib/thumb/v6-m/nofp\libc.a(libc_a-exit.o) (__stdio_exit_handler)
C:/ST/STM32CubeIDE_1.13.1/STM32CubeIDE/plugins/com.st.stm32cube.ide.mcu.externaltools.gnu-tools-for-stm32.11.3.rel1.win32_1.1.100.202309141235/tools/bin/../lib/gcc/arm-none-eabi/11.3.1/../../../../arm-none-eabi/lib/thumb/v6-m/nofp\libc.a(libc_a-fwalk.o)
                              C:/ST/STM32CubeIDE_1.13.1/STM32CubeIDE/plugins/com.st.stm32cube.ide.mcu.externaltools.gnu-tools-for-stm32.11.3.rel1.win32_1.1.100.202309141235/tools/bin/../lib/gcc/arm-none-eabi/11.3.1/../../../../arm-none-eabi/lib/thumb/v6-m/nofp\libc.a(libc_a-findfp.o) (_fwalk_sglue)
C:/ST/STM32CubeIDE_1.13.1/STM32CubeIDE/plugins/com.st.stm32cube.ide.mcu.externaltools.gnu-tools-for-stm32.11.3.rel1.win32_1.1.100.202309141235/tools/bin/../lib/gcc/arm-none-eabi/11.3.1/../../../../arm-none-eabi/lib/thumb/v6-m/nofp\libc.a(libc_a-snprintf.o)
                              ./my_drvs/Src/astronode_application.o (snprintf)
C:/ST/STM32CubeIDE_1.13.1/STM32CubeIDE/plugins/com.st.stm32cube.ide.mcu.externaltools.gnu-tools-for-stm32.11.3.rel1.win32_1.1.100.202309141235/tools/bin/../lib/gcc/arm-none-eabi/11.3.1/../../../../arm-none-eabi/lib/thumb/v6-m/nofp\libc.a(libc_a-sprintf.o)
                              ./my_drvs/Src/astronode_application.o (sprintf)
C:/ST/STM32CubeIDE_1.13.1/STM32CubeIDE/plugins/com.st.stm32cube.ide.mcu.externaltools.gnu-tools-for-stm32.11.3.rel1.win32_1.1.100.202309141235/tools/bin/../lib/gcc/arm-none-eabi/11.3.1/../../../../arm-none-eabi/lib/thumb/v6-m/nofp\libc.a(libc_a-stdio.o)
                              C:/ST/STM32CubeIDE_1.13.1/STM32CubeIDE/plugins/com.st.stm32cube.ide.mcu.externaltools.gnu-tools-for-stm32.11.3.rel1.win32_1.1.100.202309141235/tools/bin/../lib/gcc/arm-none-eabi/11.3.1/../../../../arm-none-eabi/lib/thumb/v6-m/nofp\libc.a(libc_a-findfp.o) (__sread)
C:/ST/STM32CubeIDE_1.13.1/STM32CubeIDE/plugins/com.st.stm32cube.ide.mcu.externaltools.gnu-tools-for-stm32.11.3.rel1.win32_1.1.100.202309141235/tools/bin/../lib/gcc/arm-none-eabi/11.3.1/../../../../arm-none-eabi/lib/thumb/v6-m/nofp\libc.a(libc_a-memset.o)
                              C:/ST/STM32CubeIDE_1.13.1/STM32CubeIDE/plugins/com.st.stm32cube.ide.mcu.externaltools.gnu-tools-for-stm32.11.3.rel1.win32_1.1.100.202309141235/tools/bin/../lib/gcc/arm-none-eabi/11.3.1/../../../../arm-none-eabi/lib/thumb/v6-m/nofp/crt0.o (memset)
C:/ST/STM32CubeIDE_1.13.1/STM32CubeIDE/plugins/com.st.stm32cube.ide.mcu.externaltools.gnu-tools-for-stm32.11.3.rel1.win32_1.1.100.202309141235/tools/bin/../lib/gcc/arm-none-eabi/11.3.1/../../../../arm-none-eabi/lib/thumb/v6-m/nofp\libc.a(libc_a-strncmp.o)
                              C:/ST/STM32CubeIDE_1.13.1/STM32CubeIDE/plugins/com.st.stm32cube.ide.mcu.externaltools.gnu-tools-for-stm32.11.3.rel1.win32_1.1.100.202309141235/tools/bin/../lib/gcc/arm-none-eabi/11.3.1/../../../../arm-none-eabi/lib/thumb/v6-m/nofp\libc.a(libc_a-strtod.o) (strncmp)
C:/ST/STM32CubeIDE_1.13.1/STM32CubeIDE/plugins/com.st.stm32cube.ide.mcu.externaltools.gnu-tools-for-stm32.11.3.rel1.win32_1.1.100.202309141235/tools/bin/../lib/gcc/arm-none-eabi/11.3.1/../../../../arm-none-eabi/lib/thumb/v6-m/nofp\libc.a(libc_a-locale.o)
[...]
Memory Configuration

Name             Origin             Length             Attributes
RAM              0x0000000020000000 0x0000000000024000 xrw
FLASH            0x0000000008000000 0x0000000000080000 xr
*default*        0x0000000000000000 0xffffffffffffffff

Linker script and memory map

LOAD C:/ST/STM32CubeIDE_1.13.1/STM32CubeIDE/plugins/com.st.stm32cube.ide.mcu.externaltools.gnu-tools-for-stm32.11.3.rel1.win32_1.1.100.202309141235/tools/bin/../lib/gcc/arm-none-eabi/11.3.1/thumb/v6-m/nofp/crti.o
LOAD C:/ST/STM32CubeIDE_1.13.1/STM32CubeIDE/plugins/com.st.stm32cube.ide.mcu.externaltools.gnu-tools-for-stm32.11.3.rel1.win32_1.1.100.202309141235/tools/bin/../lib/gcc/arm-none-eabi/11.3.1/thumb/v6-m/nofp/crtbegin.o
LOAD C:/ST/STM32CubeIDE_1.13.1/STM32CubeIDE/plugins/com.st.stm32cube.ide.mcu.externaltools.gnu-tools-for-stm32.11.3.rel1.win32_1.1.100.202309141235/tools/bin/../lib/gcc/arm-none-eabi/11.3.1/../../../../arm-none-eabi/lib/thumb/v6-m/nofp/crt0.o
LOAD ./Core/Src/main.o
LOAD ./Core/Src/stm32g0xx_hal_msp.o
LOAD ./Core/Src/stm32g0xx_it.o
LOAD ./Core/Src/syscalls.o
LOAD ./Core/Src/sysmem.o
LOAD ./Core/Src/system_stm32g0xx.o
LOAD ./Core/Startup/startup_stm32g0b1retx.o
LOAD ./Drivers/STM32G0xx_HAL_Driver/Src/stm32g0xx_hal.o
LOAD ./Drivers/STM32G0xx_HAL_Driver/Src/stm32g0xx_hal_cortex.o
LOAD ./Drivers/STM32G0xx_HAL_Driver/Src/stm32g0xx_hal_dma.o
LOAD ./Drivers/STM32G0xx_HAL_Driver/Src/stm32g0xx_hal_dma_ex.o
LOAD ./Drivers/STM32G0xx_HAL_Driver/Src/stm32g0xx_hal_exti.o
LOAD ./Drivers/STM32G0xx_HAL_Driver/Src/stm32g0xx_hal_flash.o
LOAD ./Drivers/STM32G0xx_HAL_Driver/Src/stm32g0xx_hal_flash_ex.o
LOAD ./Drivers/STM32G0xx_HAL_Driver/Src/stm32g0xx_hal_gpio.o
LOAD ./Drivers/STM32G0xx_HAL_Driver/Src/stm32g0xx_hal_pwr.o
LOAD ./Drivers/STM32G0xx_HAL_Driver/Src/stm32g0xx_hal_pwr_ex.o
LOAD ./Drivers/STM32G0xx_HAL_Driver/Src/stm32g0xx_hal_rcc.o
LOAD ./Drivers/STM32G0xx_HAL_Driver/Src/stm32g0xx_hal_rcc_ex.o
LOAD ./Drivers/STM32G0xx_HAL_Driver/Src/stm32g0xx_hal_rtc.o
LOAD ./Drivers/STM32G0xx_HAL_Driver/Src/stm32g0xx_hal_rtc_ex.o
LOAD ./Drivers/STM32G0xx_HAL_Driver/Src/stm32g0xx_hal_tim.o
LOAD ./Drivers/STM32G0xx_HAL_Driver/Src/stm32g0xx_hal_tim_ex.o
LOAD ./Drivers/STM32G0xx_HAL_Driver/Src/stm32g0xx_hal_uart.o
LOAD ./Drivers/STM32G0xx_HAL_Driver/Src/stm32g0xx_hal_uart_ex.o
LOAD ./Drivers/STM32G0xx_HAL_Driver/Src/stm32g0xx_ll_dma.o
LOAD ./Drivers/STM32G0xx_HAL_Driver/Src/stm32g0xx_ll_rcc.o
LOAD ./my_drvs/Src/astronode_application.o
LOAD ./my_drvs/Src/astronode_transport.o
LOAD ./my_drvs/Src/my_astronode.o
LOAD ./my_drvs/Src/my_rtc.o
LOAD ./my_lib/Src/my_conversions.o
START GROUP
LOAD C:/ST/STM32CubeIDE_1.13.1/STM32CubeIDE/plugins/com.st.stm32cube.ide.mcu.externaltools.gnu-tools-for-stm32.11.3.rel1.win32_1.1.100.202309141235/tools/bin/../lib/gcc/arm-none-eabi/11.3.1/../../../../arm-none-eabi/lib/thumb/v6-m/nofp\libc.a
LOAD C:/ST/STM32CubeIDE_1.13.1/STM32CubeIDE/plugins/com.st.stm32cube.ide.mcu.externaltools.gnu-tools-for-stm32.11.3.rel1.win32_1.1.100.202309141235/tools/bin/../lib/gcc/arm-none-eabi/11.3.1/../../../../arm-none-eabi/lib/thumb/v6-m/nofp\libm.a
END GROUP
START GROUP
LOAD C:/ST/STM32CubeIDE_1.13.1/STM32CubeIDE/plugins/com.st.stm32cube.ide.mcu.externaltools.gnu-tools-for-stm32.11.3.rel1.win32_1.1.100.202309141235/tools/bin/../lib/gcc/arm-none-eabi/11.3.1/thumb/v6-m/nofp\libgcc.a
LOAD C:/ST/STM32CubeIDE_1.13.1/STM32CubeIDE/plugins/com.st.stm32cube.ide.mcu.externaltools.gnu-tools-for-stm32.11.3.rel1.win32_1.1.100.202309141235/tools/bin/../lib/gcc/arm-none-eabi/11.3.1/../../../../arm-none-eabi/lib/thumb/v6-m/nofp\libc.a
END GROUP
START GROUP
LOAD C:/ST/STM32CubeIDE_1.13.1/STM32CubeIDE/plugins/com.st.stm32cube.ide.mcu.externaltools.gnu-tools-for-stm32.11.3.rel1.win32_1.1.100.202309141235/tools/bin/../lib/gcc/arm-none-eabi/11.3.1/thumb/v6-m/nofp\libgcc.a
LOAD C:/ST/STM32CubeIDE_1.13.1/STM32CubeIDE/plugins/com.st.stm32cube.ide.mcu.externaltools.gnu-tools-for-stm32.11.3.rel1.win32_1.1.100.202309141235/tools/bin/../lib/gcc/arm-none-eabi/11.3.1/../../../../arm-none-eabi/lib/thumb/v6-m/nofp\libc.a
LOAD C:/ST/STM32CubeIDE_1.13.1/STM32CubeIDE/plugins/com.st.stm32cube.ide.mcu.externaltools.gnu-tools-for-stm32.11.3.rel1.win32_1.1.100.202309141235/tools/bin/../lib/gcc/arm-none-eabi/11.3.1/../../../../arm-none-eabi/lib/thumb/v6-m/nofp\libnosys.a
END GROUP
LOAD C:/ST/STM32CubeIDE_1.13.1/STM32CubeIDE/plugins/com.st.stm32cube.ide.mcu.externaltools.gnu-tools-for-stm32.11.3.rel1.win32_1.1.100.202309141235/tools/bin/../lib/gcc/arm-none-eabi/11.3.1/thumb/v6-m/nofp/crtend.o
LOAD C:/ST/STM32CubeIDE_1.13.1/STM32CubeIDE/plugins/com.st.stm32cube.ide.mcu.externaltools.gnu-tools-for-stm32.11.3.rel1.win32_1.1.100.202309141235/tools/bin/../lib/gcc/arm-none-eabi/11.3.1/thumb/v6-m/nofp/crtn.o
                0x0000000020024000                _estack = (ORIGIN (RAM) + LENGTH (RAM))
                0x0000000000000200                _Min_Heap_Size = 0x200
                0x0000000000000400                _Min_Stack_Size = 0x400

.isr_vector     0x0000000008000000       0xbc
                0x0000000008000000                . = ALIGN (0x4)
 *(.isr_vector)
 .isr_vector    0x0000000008000000       0xbc ./Core/Startup/startup_stm32g0b1retx.o
                0x0000000008000000                g_pfnVectors
                0x00000000080000bc                . = ALIGN (0x4)

.text           0x00000000080000bc     0xc360
                0x00000000080000bc                . = ALIGN (0x4)
 *(.text)
 .text          0x00000000080000bc       0x48 C:/ST/STM32CubeIDE_1.13.1/STM32CubeIDE/plugins/com.st.stm32cube.ide.mcu.externaltools.gnu-tools-for-stm32.11.3.rel1.win32_1.1.100.202309141235/tools/bin/../lib/gcc/arm-none-eabi/11.3.1/thumb/v6-m/nofp/crtbegin.o
 .text          0x0000000008000104        0xe C:/ST/STM32CubeIDE_1.13.1/STM32CubeIDE/plugins/com.st.stm32cube.ide.mcu.externaltools.gnu-tools-for-stm32.11.3.rel1.win32_1.1.100.202309141235/tools/bin/../lib/gcc/arm-none-eabi/11.3.1/../../../../arm-none-eabi/lib/thumb/v6-m/nofp\libc.a(libc_a-strlen.o)
                0x0000000008000104                strlen
 *fill*         0x0000000008000112        0x2 
 .text          0x0000000008000114       0x14 C:/ST/STM32CubeIDE_1.13.1/STM32CubeIDE/plugins/com.st.stm32cube.ide.mcu.externaltools.gnu-tools-for-stm32.11.3.rel1.win32_1.1.100.202309141235/tools/bin/../lib/gcc/arm-none-eabi/11.3.1/thumb/v6-m/nofp\libgcc.a(_thumb1_case_uqi.o)
                0x0000000008000114                __gnu_thumb1_case_uqi
 .text          0x0000000008000128       0x14 C:/ST/STM32CubeIDE_1.13.1/STM32CubeIDE/plugins/com.st.stm32cube.ide.mcu.externaltools.gnu-tools-for-stm32.11.3.rel1.win32_1.1.100.202309141235/tools/bin/../lib/gcc/arm-none-eabi/11.3.1/thumb/v6-m/nofp\libgcc.a(_thumb1_case_uhi.o)
                0x0000000008000128                __gnu_thumb1_case_uhi
 .text          0x000000000800013c      0x114 C:/ST/STM32CubeIDE_1.13.1/STM32CubeIDE/plugins/com.st.stm32cube.ide.mcu.externaltools.gnu-tools-for-stm32.11.3.rel1.win32_1.1.100.202309141235/tools/bin/../lib/gcc/arm-none-eabi/11.3.1/thumb/v6-m/nofp\libgcc.a(_udivsi3.o)
                0x000000000800013c                __aeabi_uidiv
                0x000000000800013c                __udivsi3
                0x0000000008000248                __aeabi_uidivmod
 .text          0x0000000008000250      0x1d4 C:/ST/STM32CubeIDE_1.13.1/STM32CubeIDE/plugins/com.st.stm32cube.ide.mcu.externaltools.gnu-tools-for-stm32.11.3.rel1.win32_1.1.100.202309141235/tools/bin/../lib/gcc/arm-none-eabi/11.3.1/thumb/v6-m/nofp\libgcc.a(_divsi3.o)
                0x0000000008000250                __divsi3
                0x0000000008000250                __aeabi_idiv
                0x000000000800041c                __aeabi_idivmod
 .text          0x0000000008000424        0x4 C:/ST/STM32CubeIDE_1.13.1/STM32CubeIDE/plugins/com.st.stm32cube.ide.mcu.externaltools.gnu-tools-for-stm32.11.3.rel1.win32_1.1.100.202309141235/tools/bin/../lib/gcc/arm-none-eabi/11.3.1/thumb/v6-m/nofp\libgcc.a(_dvmd_tls.o)
                0x0000000008000424                __aeabi_idiv0
                0x0000000008000424                __aeabi_ldiv0
 .text          0x0000000008000428       0x7c C:/ST/STM32CubeIDE_1.13.1/STM32CubeIDE/plugins/com.st.stm32cube.ide.mcu.externaltools.gnu-tools-for-stm32.11.3.rel1.win32_1.1.100.202309141235/tools/bin/../lib/gcc/arm-none-eabi/11.3.1/thumb/v6-m/nofp\libgcc.a(_arm_cmpdf2.o)
                0x0000000008000428                __aeabi_cdrcmple
                0x0000000008000438                __aeabi_cdcmple
                0x0000000008000438                __aeabi_cdcmpeq
                0x0000000008000448                __aeabi_dcmpeq
                0x0000000008000454                __aeabi_dcmplt
                0x0000000008000468                __aeabi_dcmple
                0x000000000800047c                __aeabi_dcmpgt
                0x0000000008000490                __aeabi_dcmpge
 .text          0x00000000080004a4       0x40 C:/ST/STM32CubeIDE_1.13.1/STM32CubeIDE/plugins/com.st.stm32cube.ide.mcu.externaltools.gnu-tools-for-stm32.11.3.rel1.win32_1.1.100.202309141235/tools/bin/../lib/gcc/arm-none-eabi/11.3.1/thumb/v6-m/nofp\libgcc.a(_aeabi_uldivmod.o)
                0x00000000080004a4                __aeabi_uldivmod
 .text          0x00000000080004e4      0x198 C:/ST/STM32CubeIDE_1.13.1/STM32CubeIDE/plugins/com.st.stm32cube.ide.mcu.externaltools.gnu-tools-for-stm32.11.3.rel1.win32_1.1.100.202309141235/tools/bin/../lib/gcc/arm-none-eabi/11.3.1/thumb/v6-m/nofp\libgcc.a(_udivmoddi4.o)
                0x00000000080004e4                __udivmoddi4
 .text          0x000000000800067c      0x6c0 C:/ST/STM32CubeIDE_1.13.1/STM32CubeIDE/plugins/com.st.stm32cube.ide.mcu.externaltools.gnu-tools-for-stm32.11.3.rel1.win32_1.1.100.202309141235/tools/bin/../lib/gcc/arm-none-eabi/11.3.1/thumb/v6-m/nofp\libgcc.a(adddf3.o)
                0x000000000800067c                __aeabi_dadd
 .text          0x0000000008000d3c      0x5dc C:/ST/STM32CubeIDE_1.13.1/STM32CubeIDE/plugins/com.st.stm32cube.ide.mcu.externaltools.gnu-tools-for-stm32.11.3.rel1.win32_1.1.100.202309141235/tools/bin/../lib/gcc/arm-none-eabi/11.3.1/thumb/v6-m/nofp\libgcc.a(divdf3.o)
                0x0000000008000d3c                __aeabi_ddiv
 .text          0x0000000008001318       0x84 C:/ST/STM32CubeIDE_1.13.1/STM32CubeIDE/plugins/com.st.stm32cube.ide.mcu.externaltools.gnu-tools-for-stm32.11.3.rel1.win32_1.1.100.202309141235/tools/bin/../lib/gcc/arm-none-eabi/11.3.1/thumb/v6-m/nofp\libgcc.a(eqdf2.o)
                0x0000000008001318                __nedf2
                0x0000000008001318                __eqdf2
 .text          0x000000000800139c       0xcc C:/ST/STM32CubeIDE_1.13.1/STM32CubeIDE/plugins/com.st.stm32cube.ide.mcu.externaltools.gnu-tools-for-stm32.11.3.rel1.win32_1.1.100.202309141235/tools/bin/../lib/gcc/arm-none-eabi/11.3.1/thumb/v6-m/nofp\libgcc.a(gedf2.o)
                0x000000000800139c                __gedf2
                0x000000000800139c                __gtdf2
 .text          0x0000000008001468       0xc8 C:/ST/STM32CubeIDE_1.13.1/STM32CubeIDE/plugins/com.st.stm32cube.ide.mcu.externaltools.gnu-tools-for-stm32.11.3.rel1.win32_1.1.100.202309141235/tools/bin/../lib/gcc/arm-none-eabi/11.3.1/thumb/v6-m/nofp\libgcc.a(ledf2.o)
                0x0000000008001468                __ledf2
                0x0000000008001468                __ltdf2
 .text          0x0000000008001530      0x584 C:/ST/STM32CubeIDE_1.13.1/STM32CubeIDE/plugins/com.st.stm32cube.ide.mcu.externaltools.gnu-tools-for-stm32.11.3.rel1.win32_1.1.100.202309141235/tools/bin/../lib/gcc/arm-none-eabi/11.3.1/thumb/v6-m/nofp\libgcc.a(muldf3.o)
                0x0000000008001530                __aeabi_dmul
 .text          0x0000000008001ab4      0x704 C:/ST/STM32CubeIDE_1.13.1/STM32CubeIDE/plugins/com.st.stm32cube.ide.mcu.externaltools.gnu-tools-for-stm32.11.3.rel1.win32_1.1.100.202309141235/tools/bin/../lib/gcc/arm-none-eabi/11.3.1/thumb/v6-m/nofp\libgcc.a(subdf3.o)
                0x0000000008001ab4                __aeabi_dsub
 .text          0x00000000080021b8       0x3c C:/ST/STM32CubeIDE_1.13.1/STM32CubeIDE/plugins/com.st.stm32cube.ide.mcu.externaltools.gnu-tools-for-stm32.11.3.rel1.win32_1.1.100.202309141235/tools/bin/../lib/gcc/arm-none-eabi/11.3.1/thumb/v6-m/nofp\libgcc.a(unorddf2.o)
                0x00000000080021b8                __aeabi_dcmpun
 .text          0x00000000080021f4       0x6c C:/ST/STM32CubeIDE_1.13.1/STM32CubeIDE/plugins/com.st.stm32cube.ide.mcu.externaltools.gnu-tools-for-stm32.11.3.rel1.win32_1.1.100.202309141235/tools/bin/../lib/gcc/arm-none-eabi/11.3.1/thumb/v6-m/nofp\libgcc.a(fixdfsi.o)
                0x00000000080021f4                __aeabi_d2iz
 .text          0x0000000008002260       0x60 C:/ST/STM32CubeIDE_1.13.1/STM32CubeIDE/plugins/com.st.stm32cube.ide.mcu.externaltools.gnu-tools-for-stm32.11.3.rel1.win32_1.1.100.202309141235/tools/bin/../lib/gcc/arm-none-eabi/11.3.1/thumb/v6-m/nofp\libgcc.a(floatsidf.o)
                0x0000000008002260                __aeabi_i2d
 .text          0x00000000080022c0       0x4c C:/ST/STM32CubeIDE_1.13.1/STM32CubeIDE/plugins/com.st.stm32cube.ide.mcu.externaltools.gnu-tools-for-stm32.11.3.rel1.win32_1.1.100.202309141235/tools/bin/../lib/gcc/arm-none-eabi/11.3.1/thumb/v6-m/nofp\libgcc.a(floatunsidf.o)
                0x00000000080022c0                __aeabi_ui2d
 .text          0x000000000800230c       0x3c C:/ST/STM32CubeIDE_1.13.1/STM32CubeIDE/plugins/com.st.stm32cube.ide.mcu.externaltools.gnu-tools-for-stm32.11.3.rel1.win32_1.1.100.202309141235/tools/bin/../lib/gcc/arm-none-eabi/11.3.1/thumb/v6-m/nofp\libgcc.a(_clzsi2.o)
                0x000000000800230c                __clzsi2
 .text          0x0000000008002348       0x18 C:/ST/STM32CubeIDE_1.13.1/STM32CubeIDE/plugins/com.st.stm32cube.ide.mcu.externaltools.gnu-tools-for-stm32.11.3.rel1.win32_1.1.100.202309141235/tools/bin/../lib/gcc/arm-none-eabi/11.3.1/thumb/v6-m/nofp\libgcc.a(_clzdi2.o)
                0x0000000008002348                __clzdi2
 *(.text*)
 .text.main     0x0000000008002360       0x9c ./Core/Src/main.o
                0x0000000008002360                main
 .text.SystemClock_Config
                0x00000000080023fc       0x98 ./Core/Src/main.o
                0x00000000080023fc                SystemClock_Config
 .text.MX_RTC_Init
                0x0000000008002494      0x148 ./Core/Src/main.o
 .text.MX_TIM6_Init
                0x00000000080025dc       0x7c ./Core/Src/main.o
 .text.MX_USART2_UART_Init
                0x0000000008002658       0x9c ./Core/Src/main.o
 .text.MX_USART3_UART_Init
                0x00000000080026f4       0x9c ./Core/Src/main.o
 .text.MX_GPIO_Init
                0x0000000008002790      0x11c ./Core/Src/main.o
 .text.send_debug_logs
                0x00000000080028ac       0x60 ./Core/Src/main.o
                0x00000000080028ac                send_debug_logs
 .text.reset_astronode
                0x000000000800290c       0x34 ./Core/Src/main.o
                0x000000000800290c                reset_astronode
 .text.send_astronode_request
                0x0000000008002940       0x3c ./Core/Src/main.o
                0x0000000008002940                send_astronode_request
 .text.is_astronode_character_received
                0x000000000800297c       0x28 ./Core/Src/main.o
                0x000000000800297c                is_astronode_character_received
 .text.get_systick
                0x00000000080029a4       0x10 ./Core/Src/main.o
                0x00000000080029a4                get_systick
 .text.is_systick_timeout_over
                0x00000000080029b4       0x2c ./Core/Src/main.o
                0x00000000080029b4                is_systick_timeout_over
 .text.my_tim_init
                0x00000000080029e0       0x1a ./Core/Src/main.o
                0x00000000080029e0                my_tim_init
 *fill*         0x00000000080029fa        0x2 
 .text.my_tim_start
                0x00000000080029fc       0x24 ./Core/Src/main.o
                0x00000000080029fc                my_tim_start
 .text.my_tim_stop
                0x0000000008002a20       0x18 ./Core/Src/main.o
                0x0000000008002a20                my_tim_stop
 .text.my_astro_init
                0x0000000008002a38       0xb0 ./Core/Src/main.o
                0x0000000008002a38                my_astro_init
 .text.is_system_initialized
                0x0000000008002ae8       0x4c ./Core/Src/main.o
                0x0000000008002ae8                is_system_initialized
 .text.Error_Handler
                0x0000000008002b34        0xa ./Core/Src/main.o
                0x0000000008002b34                Error_Handler
 *fill*         0x0000000008002b3e        0x2 
 .text.HAL_MspInit
                0x0000000008002b40       0x50 ./Core/Src/stm32g0xx_hal_msp.o
                0x0000000008002b40                HAL_MspInit
 .text.HAL_RTC_MspInit
                0x0000000008002b90       0x7c ./Core/Src/stm32g0xx_hal_msp.o
                0x0000000008002b90                HAL_RTC_MspInit
 .text.HAL_TIM_Base_MspInit
                0x0000000008002c0c       0x4c ./Core/Src/stm32g0xx_hal_msp.o
                0x0000000008002c0c                HAL_TIM_Base_MspInit
 .text.HAL_UART_MspInit
                0x0000000008002c58      0x154 ./Core/Src/stm32g0xx_hal_msp.o
                0x0000000008002c58                HAL_UART_MspInit
 .text.NMI_Handler
                0x0000000008002dac        0x6 ./Core/Src/stm32g0xx_it.o
                0x0000000008002dac                NMI_Handler
 .text.HardFault_Handler
                0x0000000008002db2        0x6 ./Core/Src/stm32g0xx_it.o
                0x0000000008002db2                HardFault_Handler
 .text.SVC_Handler
                0x0000000008002db8        0xa ./Core/Src/stm32g0xx_it.o
                0x0000000008002db8                SVC_Handler
 .text.PendSV_Handler
                0x0000000008002dc2        0xa ./Core/Src/stm32g0xx_it.o
                0x0000000008002dc2                PendSV_Handler
 .text.SysTick_Handler
                0x0000000008002dcc        0xe ./Core/Src/stm32g0xx_it.o
                0x0000000008002dcc                SysTick_Handler
 .text.EXTI2_3_IRQHandler
                0x0000000008002dda       0x10 ./Core/Src/stm32g0xx_it.o
                0x0000000008002dda                EXTI2_3_IRQHandler
 *fill*         0x0000000008002dea        0x2 
 .text.TIM6_DAC_LPTIM1_IRQHandler
                0x0000000008002dec       0x18 ./Core/Src/stm32g0xx_it.o
                0x0000000008002dec                TIM6_DAC_LPTIM1_IRQHandler
 .text._getpid  0x0000000008002e04        0xc ./Core/Src/syscalls.o
                0x0000000008002e04                _getpid
 .text._kill    0x0000000008002e10       0x20 ./Core/Src/syscalls.o
                0x0000000008002e10                _kill
 .text._exit    0x0000000008002e30       0x18 ./Core/Src/syscalls.o
                0x0000000008002e30                _exit
 .text._read    0x0000000008002e48       0x3a ./Core/Src/syscalls.o
                0x0000000008002e48                _read
 .text._write   0x0000000008002e82       0x38 ./Core/Src/syscalls.o
                0x0000000008002e82                _write
 .text._close   0x0000000008002eba       0x14 ./Core/Src/syscalls.o
                0x0000000008002eba                _close
 .text._fstat   0x0000000008002ece       0x1c ./Core/Src/syscalls.o
                0x0000000008002ece                _fstat
 .text._isatty  0x0000000008002eea       0x12 ./Core/Src/syscalls.o
                0x0000000008002eea                _isatty
 .text._lseek   0x0000000008002efc       0x16 ./Core/Src/syscalls.o
                0x0000000008002efc                _lseek
 *fill*         0x0000000008002f12        0x2 
 .text._sbrk    0x0000000008002f14       0x6c ./Core/Src/sysmem.o
                0x0000000008002f14                _sbrk
 .text.SystemInit
                0x0000000008002f80        0xa ./Core/Src/system_stm32g0xx.o
                0x0000000008002f80                SystemInit
 *fill*         0x0000000008002f8a        0x2 
 .text.Reset_Handler
                0x0000000008002f8c       0x50 ./Core/Startup/startup_stm32g0b1retx.o
                0x0000000008002f8c                Reset_Handler
 .text.Default_Handler
                0x0000000008002fdc        0x2 ./Core/Startup/startup_stm32g0b1retx.o
                0x0000000008002fdc                I2C2_3_IRQHandler
                0x0000000008002fdc                USART3_4_5_6_LPUART1_IRQHandler
                0x0000000008002fdc                TIM1_CC_IRQHandler
                0x0000000008002fdc                ADC1_COMP_IRQHandler
                0x0000000008002fdc                I2C1_IRQHandler
                0x0000000008002fdc                TIM7_LPTIM2_IRQHandler
                0x0000000008002fdc                TIM17_FDCAN_IT1_IRQHandler
                0x0000000008002fdc                DMA1_Ch4_7_DMA2_Ch1_5_DMAMUX1_OVR_IRQHandler
                0x0000000008002fdc                RCC_CRS_IRQHandler
                0x0000000008002fdc                RTC_TAMP_IRQHandler
                0x0000000008002fdc                SPI1_IRQHandler
                0x0000000008002fdc                USB_UCPD1_2_IRQHandler
                0x0000000008002fdc                USART2_LPUART2_IRQHandler
                0x0000000008002fdc                PVD_VDDIO2_IRQHandler
                0x0000000008002fdc                EXTI4_15_IRQHandler
                0x0000000008002fdc                DMA1_Channel1_IRQHandler
                0x0000000008002fdc                Default_Handler
                0x0000000008002fdc                CEC_IRQHandler
                0x0000000008002fdc                TIM14_IRQHandler
                0x0000000008002fdc                TIM15_IRQHandler
                0x0000000008002fdc                TIM3_TIM4_IRQHandler
                0x0000000008002fdc                EXTI0_1_IRQHandler
                0x0000000008002fdc                SPI2_3_IRQHandler
                0x0000000008002fdc                WWDG_IRQHandler
                0x0000000008002fdc                TIM2_IRQHandler
                0x0000000008002fdc                DMA1_Channel2_3_IRQHandler
                0x0000000008002fdc                FLASH_IRQHandler
                0x0000000008002fdc                USART1_IRQHandler
                0x0000000008002fdc                TIM16_FDCAN_IT0_IRQHandler
                0x0000000008002fdc                TIM1_BRK_UP_TRG_COM_IRQHandler
 *fill*         0x0000000008002fde        0x2 
 .text.HAL_Init
                0x0000000008002fe0       0x40 ./Drivers/STM32G0xx_HAL_Driver/Src/stm32g0xx_hal.o
                0x0000000008002fe0                HAL_Init
 .text.HAL_InitTick
                0x0000000008003020       0x94 ./Drivers/STM32G0xx_HAL_Driver/Src/stm32g0xx_hal.o
                0x0000000008003020                HAL_InitTick
 .text.HAL_IncTick
                0x00000000080030b4       0x24 ./Drivers/STM32G0xx_HAL_Driver/Src/stm32g0xx_hal.o
                0x00000000080030b4                HAL_IncTick
 .text.HAL_GetTick
                0x00000000080030d8       0x14 ./Drivers/STM32G0xx_HAL_Driver/Src/stm32g0xx_hal.o
                0x00000000080030d8                HAL_GetTick
 .text.HAL_Delay
                0x00000000080030ec       0x48 ./Drivers/STM32G0xx_HAL_Driver/Src/stm32g0xx_hal.o
                0x00000000080030ec                HAL_Delay
 .text.HAL_SYSCFG_StrobeDBattpinsConfig
                0x0000000008003134       0x2c ./Drivers/STM32G0xx_HAL_Driver/Src/stm32g0xx_hal.o
                0x0000000008003134                HAL_SYSCFG_StrobeDBattpinsConfig
 .text.__NVIC_EnableIRQ
                0x0000000008003160       0x34 ./Drivers/STM32G0xx_HAL_Driver/Src/stm32g0xx_hal_cortex.o
 .text.__NVIC_SetPriority
                0x0000000008003194       0xdc ./Drivers/STM32G0xx_HAL_Driver/Src/stm32g0xx_hal_cortex.o
 .text.__NVIC_SystemReset
                0x0000000008003270       0x24 ./Drivers/STM32G0xx_HAL_Driver/Src/stm32g0xx_hal_cortex.o
 .text.SysTick_Config
                0x0000000008003294       0x48 ./Drivers/STM32G0xx_HAL_Driver/Src/stm32g0xx_hal_cortex.o
 .text.HAL_NVIC_SetPriority
                0x00000000080032dc       0x2a ./Drivers/STM32G0xx_HAL_Driver/Src/stm32g0xx_hal_cortex.o
                0x00000000080032dc                HAL_NVIC_SetPriority
 .text.HAL_NVIC_EnableIRQ
                0x0000000008003306       0x20 ./Drivers/STM32G0xx_HAL_Driver/Src/stm32g0xx_hal_cortex.o
                0x0000000008003306                HAL_NVIC_EnableIRQ
 .text.HAL_NVIC_SystemReset
                0x0000000008003326        0x8 ./Drivers/STM32G0xx_HAL_Driver/Src/stm32g0xx_hal_cortex.o
                0x0000000008003326                HAL_NVIC_SystemReset
 .text.HAL_SYSTICK_Config
                0x000000000800332e       0x1a ./Drivers/STM32G0xx_HAL_Driver/Src/stm32g0xx_hal_cortex.o
                0x000000000800332e                HAL_SYSTICK_Config
 .text.HAL_GPIO_Init
                0x0000000008003348      0x2d8 ./Drivers/STM32G0xx_HAL_Driver/Src/stm32g0xx_hal_gpio.o
                0x0000000008003348                HAL_GPIO_Init
 .text.HAL_GPIO_WritePin
                0x0000000008003620       0x3a ./Drivers/STM32G0xx_HAL_Driver/Src/stm32g0xx_hal_gpio.o
                0x0000000008003620                HAL_GPIO_WritePin
 *fill*         0x000000000800365a        0x2 
 .text.HAL_GPIO_EXTI_IRQHandler
                0x000000000800365c       0x54 ./Drivers/STM32G0xx_HAL_Driver/Src/stm32g0xx_hal_gpio.o
                0x000000000800365c                HAL_GPIO_EXTI_IRQHandler
 .text.HAL_GPIO_EXTI_Rising_Callback
                0x00000000080036b0       0x14 ./Drivers/STM32G0xx_HAL_Driver/Src/stm32g0xx_hal_gpio.o
                0x00000000080036b0                HAL_GPIO_EXTI_Rising_Callback
 .text.HAL_GPIO_EXTI_Falling_Callback
                0x00000000080036c4       0x14 ./Drivers/STM32G0xx_HAL_Driver/Src/stm32g0xx_hal_gpio.o
                0x00000000080036c4                HAL_GPIO_EXTI_Falling_Callback
 .text.HAL_PWREx_ControlVoltageScaling
                0x00000000080036d8       0x80 ./Drivers/STM32G0xx_HAL_Driver/Src/stm32g0xx_hal_pwr_ex.o
                0x00000000080036d8                HAL_PWREx_ControlVoltageScaling
 .text.LL_RCC_GetAPB1Prescaler
                0x0000000008003758       0x18 ./Drivers/STM32G0xx_HAL_Driver/Src/stm32g0xx_hal_rcc.o
 .text.HAL_RCC_OscConfig
                0x0000000008003770      0x6c0 ./Drivers/STM32G0xx_HAL_Driver/Src/stm32g0xx_hal_rcc.o
                0x0000000008003770                HAL_RCC_OscConfig
 .text.HAL_RCC_ClockConfig
                0x0000000008003e30      0x210 ./Drivers/STM32G0xx_HAL_Driver/Src/stm32g0xx_hal_rcc.o
                0x0000000008003e30                HAL_RCC_ClockConfig
 .text.HAL_RCC_GetSysClockFreq
                0x0000000008004040      0x104 ./Drivers/STM32G0xx_HAL_Driver/Src/stm32g0xx_hal_rcc.o
                0x0000000008004040                HAL_RCC_GetSysClockFreq
 .text.HAL_RCC_GetHCLKFreq
                0x0000000008004144       0x14 ./Drivers/STM32G0xx_HAL_Driver/Src/stm32g0xx_hal_rcc.o
                0x0000000008004144                HAL_RCC_GetHCLKFreq
 .text.HAL_RCC_GetPCLK1Freq
                0x0000000008004158       0x2c ./Drivers/STM32G0xx_HAL_Driver/Src/stm32g0xx_hal_rcc.o
                0x0000000008004158                HAL_RCC_GetPCLK1Freq
 .text.HAL_RCCEx_PeriphCLKConfig
                0x0000000008004184      0x478 ./Drivers/STM32G0xx_HAL_Driver/Src/stm32g0xx_hal_rcc_ex.o
                0x0000000008004184                HAL_RCCEx_PeriphCLKConfig
 .text.HAL_RTC_Init
                0x00000000080045fc      0x144 ./Drivers/STM32G0xx_HAL_Driver/Src/stm32g0xx_hal_rtc.o
                0x00000000080045fc                HAL_RTC_Init
 .text.HAL_RTC_SetTime
                0x0000000008004740      0x150 ./Drivers/STM32G0xx_HAL_Driver/Src/stm32g0xx_hal_rtc.o
                0x0000000008004740                HAL_RTC_SetTime
 .text.HAL_RTC_GetTime
                0x0000000008004890       0xb8 ./Drivers/STM32G0xx_HAL_Driver/Src/stm32g0xx_hal_rtc.o
                0x0000000008004890                HAL_RTC_GetTime
 .text.HAL_RTC_SetDate
                0x0000000008004948      0x124 ./Drivers/STM32G0xx_HAL_Driver/Src/stm32g0xx_hal_rtc.o
                0x0000000008004948                HAL_RTC_SetDate
 .text.HAL_RTC_GetDate
                0x0000000008004a6c       0x9c ./Drivers/STM32G0xx_HAL_Driver/Src/stm32g0xx_hal_rtc.o
                0x0000000008004a6c                HAL_RTC_GetDate
 .text.HAL_RTC_SetAlarm
                0x0000000008004b08      0x24c ./Drivers/STM32G0xx_HAL_Driver/Src/stm32g0xx_hal_rtc.o
                0x0000000008004b08                HAL_RTC_SetAlarm
 .text.HAL_RTC_WaitForSynchro
                0x0000000008004d54       0x4e ./Drivers/STM32G0xx_HAL_Driver/Src/stm32g0xx_hal_rtc.o
                0x0000000008004d54                HAL_RTC_WaitForSynchro
 .text.RTC_EnterInitMode
                0x0000000008004da2       0x84 ./Drivers/STM32G0xx_HAL_Driver/Src/stm32g0xx_hal_rtc.o
                0x0000000008004da2                RTC_EnterInitMode
 *fill*         0x0000000008004e26        0x2 
 .text.RTC_ExitInitMode
                0x0000000008004e28       0x88 ./Drivers/STM32G0xx_HAL_Driver/Src/stm32g0xx_hal_rtc.o
                0x0000000008004e28                RTC_ExitInitMode
 .text.RTC_ByteToBcd2
                0x0000000008004eb0       0x50 ./Drivers/STM32G0xx_HAL_Driver/Src/stm32g0xx_hal_rtc.o
                0x0000000008004eb0                RTC_ByteToBcd2
 .text.RTC_Bcd2ToByte
                0x0000000008004f00       0x3a ./Drivers/STM32G0xx_HAL_Driver/Src/stm32g0xx_hal_rtc.o
                0x0000000008004f00                RTC_Bcd2ToByte
 .text.HAL_TIM_Base_Init
                0x0000000008004f3a       0xb0 ./Drivers/STM32G0xx_HAL_Driver/Src/stm32g0xx_hal_tim.o
                0x0000000008004f3a                HAL_TIM_Base_Init
 *fill*         0x0000000008004fea        0x2 
 .text.HAL_TIM_Base_Start_IT
                0x0000000008004fec       0xc4 ./Drivers/STM32G0xx_HAL_Driver/Src/stm32g0xx_hal_tim.o
                0x0000000008004fec                HAL_TIM_Base_Start_IT
 .text.HAL_TIM_Base_Stop_IT
                0x00000000080050b0       0x5c ./Drivers/STM32G0xx_HAL_Driver/Src/stm32g0xx_hal_tim.o
                0x00000000080050b0                HAL_TIM_Base_Stop_IT
 .text.HAL_TIM_IRQHandler
                0x000000000800510c      0x264 ./Drivers/STM32G0xx_HAL_Driver/Src/stm32g0xx_hal_tim.o
                0x000000000800510c                HAL_TIM_IRQHandler
 .text.HAL_TIM_PeriodElapsedCallback
                0x0000000008005370       0x10 ./Drivers/STM32G0xx_HAL_Driver/Src/stm32g0xx_hal_tim.o
                0x0000000008005370                HAL_TIM_PeriodElapsedCallback
 .text.HAL_TIM_OC_DelayElapsedCallback
                0x0000000008005380       0x10 ./Drivers/STM32G0xx_HAL_Driver/Src/stm32g0xx_hal_tim.o
                0x0000000008005380                HAL_TIM_OC_DelayElapsedCallback
 .text.HAL_TIM_IC_CaptureCallback
                0x0000000008005390       0x10 ./Drivers/STM32G0xx_HAL_Driver/Src/stm32g0xx_hal_tim.o
                0x0000000008005390                HAL_TIM_IC_CaptureCallback
 .text.HAL_TIM_PWM_PulseFinishedCallback
                0x00000000080053a0       0x10 ./Drivers/STM32G0xx_HAL_Driver/Src/stm32g0xx_hal_tim.o
                0x00000000080053a0                HAL_TIM_PWM_PulseFinishedCallback
 .text.HAL_TIM_TriggerCallback
                0x00000000080053b0       0x10 ./Drivers/STM32G0xx_HAL_Driver/Src/stm32g0xx_hal_tim.o
                0x00000000080053b0                HAL_TIM_TriggerCallback
 .text.TIM_Base_SetConfig
                0x00000000080053c0      0x114 ./Drivers/STM32G0xx_HAL_Driver/Src/stm32g0xx_hal_tim.o
                0x00000000080053c0                TIM_Base_SetConfig
 .text.HAL_TIMEx_MasterConfigSynchronization
                0x00000000080054d4       0xec ./Drivers/STM32G0xx_HAL_Driver/Src/stm32g0xx_hal_tim_ex.o
                0x00000000080054d4                HAL_TIMEx_MasterConfigSynchronization
 .text.HAL_TIMEx_CommutCallback
                0x00000000080055c0       0x10 ./Drivers/STM32G0xx_HAL_Driver/Src/stm32g0xx_hal_tim_ex.o
                0x00000000080055c0                HAL_TIMEx_CommutCallback
 .text.HAL_TIMEx_BreakCallback
                0x00000000080055d0       0x10 ./Drivers/STM32G0xx_HAL_Driver/Src/stm32g0xx_hal_tim_ex.o
                0x00000000080055d0                HAL_TIMEx_BreakCallback
 .text.HAL_TIMEx_Break2Callback
                0x00000000080055e0       0x10 ./Drivers/STM32G0xx_HAL_Driver/Src/stm32g0xx_hal_tim_ex.o
                0x00000000080055e0                HAL_TIMEx_Break2Callback
 .text.HAL_UART_Init
                0x00000000080055f0       0xac ./Drivers/STM32G0xx_HAL_Driver/Src/stm32g0xx_hal_uart.o
                0x00000000080055f0                HAL_UART_Init
 .text.HAL_UART_Transmit
                0x000000000800569c      0x138 ./Drivers/STM32G0xx_HAL_Driver/Src/stm32g0xx_hal_uart.o
                0x000000000800569c                HAL_UART_Transmit
 .text.HAL_UART_Receive
                0x00000000080057d4      0x1c4 ./Drivers/STM32G0xx_HAL_Driver/Src/stm32g0xx_hal_uart.o
                0x00000000080057d4                HAL_UART_Receive
 .text.UART_SetConfig
                0x0000000008005998      0x6ac ./Drivers/STM32G0xx_HAL_Driver/Src/stm32g0xx_hal_uart.o
                0x0000000008005998                UART_SetConfig
 .text.UART_AdvFeatureConfig
                0x0000000008006044      0x168 ./Drivers/STM32G0xx_HAL_Driver/Src/stm32g0xx_hal_uart.o
                0x0000000008006044                UART_AdvFeatureConfig
 .text.UART_CheckIdleState
                0x00000000080061ac       0x9c ./Drivers/STM32G0xx_HAL_Driver/Src/stm32g0xx_hal_uart.o
                0x00000000080061ac                UART_CheckIdleState
 .text.UART_WaitOnFlagUntilTimeout
                0x0000000008006248      0x190 ./Drivers/STM32G0xx_HAL_Driver/Src/stm32g0xx_hal_uart.o
                0x0000000008006248                UART_WaitOnFlagUntilTimeout
 .text.HAL_UARTEx_DisableFifoMode
                0x00000000080063d8       0x74 ./Drivers/STM32G0xx_HAL_Driver/Src/stm32g0xx_hal_uart_ex.o
                0x00000000080063d8                HAL_UARTEx_DisableFifoMode
 .text.HAL_UARTEx_SetTxFifoThreshold
                0x000000000800644c       0x7e ./Drivers/STM32G0xx_HAL_Driver/Src/stm32g0xx_hal_uart_ex.o
                0x000000000800644c                HAL_UARTEx_SetTxFifoThreshold
 *fill*         0x00000000080064ca        0x2 
 .text.HAL_UARTEx_SetRxFifoThreshold
                0x00000000080064cc       0x84 ./Drivers/STM32G0xx_HAL_Driver/Src/stm32g0xx_hal_uart_ex.o
                0x00000000080064cc                HAL_UARTEx_SetRxFifoThreshold
 .text.UARTEx_SetNbDataToProcess
                0x0000000008006550       0xbc ./Drivers/STM32G0xx_HAL_Driver/Src/stm32g0xx_hal_uart_ex.o
 .text.astronode_send_cfg_sr
                0x000000000800660c       0x70 ./my_drvs/Src/astronode_application.o
                0x000000000800660c                astronode_send_cfg_sr
 .text.astronode_send_cfg_wr
                0x000000000800667c      0x158 ./my_drvs/Src/astronode_application.o
                0x000000000800667c                astronode_send_cfg_wr
 .text.astronode_send_mgi_rr
                0x00000000080067d4      0x154 ./my_drvs/Src/astronode_application.o
                0x00000000080067d4                astronode_send_mgi_rr
 .text.astronode_send_msn_rr
                0x0000000008006928      0x154 ./my_drvs/Src/astronode_application.o
                0x0000000008006928                astronode_send_msn_rr
 .text.astronode_send_pld_fr
                0x0000000008006a7c       0x78 ./my_drvs/Src/astronode_application.o
                0x0000000008006a7c                astronode_send_pld_fr
 .text.astronode_send_rtc_rr
                0x0000000008006af4       0xc8 ./my_drvs/Src/astronode_application.o
                0x0000000008006af4                astronode_send_rtc_rr
 .text.astronode_send_mpn_rr
                0x0000000008006bbc      0x154 ./my_drvs/Src/astronode_application.o
                0x0000000008006bbc                astronode_send_mpn_rr
 .text.ascii_to_value
                0x0000000008006d10       0x58 ./my_drvs/Src/astronode_transport.o
 .text.astronode_create_request_transport
                0x0000000008006d68      0x144 ./my_drvs/Src/astronode_transport.o
 .text.astronode_decode_answer_transport
                0x0000000008006eac      0x328 ./my_drvs/Src/astronode_transport.o
 .text.astronode_transport_send_receive
                0x00000000080071d4       0xc4 ./my_drvs/Src/astronode_transport.o
                0x00000000080071d4                astronode_transport_send_receive
 .text.calculate_crc
                0x0000000008007298       0x9e ./my_drvs/Src/astronode_transport.o
 *fill*         0x0000000008007336        0x2 
 .text.check_for_error
                0x0000000008007338      0x178 ./my_drvs/Src/astronode_transport.o
 .text.receive_astronode_answer
                0x00000000080074b0      0x110 ./my_drvs/Src/astronode_transport.o
 .text.uint8_to_ascii_buffer
                0x00000000080075c0       0x40 ./my_drvs/Src/astronode_transport.o
 .text.my_rtc_get_time_s
                0x0000000008007600       0x84 ./my_drvs/Src/my_rtc.o
                0x0000000008007600                my_rtc_get_time_s
 .text.std      0x0000000008007684       0x6c C:/ST/STM32CubeIDE_1.13.1/STM32CubeIDE/plugins/com.st.stm32cube.ide.mcu.externaltools.gnu-tools-for-stm32.11.3.rel1.win32_1.1.100.202309141235/tools/bin/../lib/gcc/arm-none-eabi/11.3.1/../../../../arm-none-eabi/lib/thumb/v6-m/nofp\libc.a(libc_a-findfp.o)
 .text.stdio_exit_handler
                0x00000000080076f0       0x1c C:/ST/STM32CubeIDE_1.13.1/STM32CubeIDE/plugins/com.st.stm32cube.ide.mcu.externaltools.gnu-tools-for-stm32.11.3.rel1.win32_1.1.100.202309141235/tools/bin/../lib/gcc/arm-none-eabi/11.3.1/../../../../arm-none-eabi/lib/thumb/v6-m/nofp\libc.a(libc_a-findfp.o)
 .text.cleanup_stdio
                0x000000000800770c       0x3c C:/ST/STM32CubeIDE_1.13.1/STM32CubeIDE/plugins/com.st.stm32cube.ide.mcu.externaltools.gnu-tools-for-stm32.11.3.rel1.win32_1.1.100.202309141235/tools/bin/../lib/gcc/arm-none-eabi/11.3.1/../../../../arm-none-eabi/lib/thumb/v6-m/nofp\libc.a(libc_a-findfp.o)
 .text.global_stdio_init.part.0
                0x0000000008007748       0x3c C:/ST/STM32CubeIDE_1.13.1/STM32CubeIDE/plugins/com.st.stm32cube.ide.mcu.externaltools.gnu-tools-for-stm32.11.3.rel1.win32_1.1.100.202309141235/tools/bin/../lib/gcc/arm-none-eabi/11.3.1/../../../../arm-none-eabi/lib/thumb/v6-m/nofp\libc.a(libc_a-findfp.o)
 .text.__sfp_lock_acquire
                0x0000000008007784       0x10 C:/ST/STM32CubeIDE_1.13.1/STM32CubeIDE/plugins/com.st.stm32cube.ide.mcu.externaltools.gnu-tools-for-stm32.11.3.rel1.win32_1.1.100.202309141235/tools/bin/../lib/gcc/arm-none-eabi/11.3.1/../../../../arm-none-eabi/lib/thumb/v6-m/nofp\libc.a(libc_a-findfp.o)
                0x0000000008007784                __sfp_lock_acquire
 .text.__sfp_lock_release
                0x0000000008007794       0x10 C:/ST/STM32CubeIDE_1.13.1/STM32CubeIDE/plugins/com.st.stm32cube.ide.mcu.externaltools.gnu-tools-for-stm32.11.3.rel1.win32_1.1.100.202309141235/tools/bin/../lib/gcc/arm-none-eabi/11.3.1/../../../../arm-none-eabi/lib/thumb/v6-m/nofp\libc.a(libc_a-findfp.o)
                0x0000000008007794                __sfp_lock_release
 .text.__sinit  0x00000000080077a4       0x30 C:/ST/STM32CubeIDE_1.13.1/STM32CubeIDE/plugins/com.st.stm32cube.ide.mcu.externaltools.gnu-tools-for-stm32.11.3.rel1.win32_1.1.100.202309141235/tools/bin/../lib/gcc/arm-none-eabi/11.3.1/../../../../arm-none-eabi/lib/thumb/v6-m/nofp\libc.a(libc_a-findfp.o)
                0x00000000080077a4                __sinit
 .text._fwalk_sglue
                0x00000000080077d4       0x38 C:/ST/STM32CubeIDE_1.13.1/STM32CubeIDE/plugins/com.st.stm32cube.ide.mcu.externaltools.gnu-tools-for-stm32.11.3.rel1.win32_1.1.100.202309141235/tools/bin/../lib/gcc/arm-none-eabi/11.3.1/../../../../arm-none-eabi/lib/thumb/v6-m/nofp\libc.a(libc_a-fwalk.o)
                0x00000000080077d4                _fwalk_sglue
 .text.snprintf
                0x000000000800780c       0x68 C:/ST/STM32CubeIDE_1.13.1/STM32CubeIDE/plugins/com.st.stm32cube.ide.mcu.externaltools.gnu-tools-for-stm32.11.3.rel1.win32_1.1.100.202309141235/tools/bin/../lib/gcc/arm-none-eabi/11.3.1/../../../../arm-none-eabi/lib/thumb/v6-m/nofp\libc.a(libc_a-snprintf.o)
                0x000000000800780c                snprintf
 .text.sprintf  0x0000000008007874       0x40 C:/ST/STM32CubeIDE_1.13.1/STM32CubeIDE/plugins/com.st.stm32cube.ide.mcu.externaltools.gnu-tools-for-stm32.11.3.rel1.win32_1.1.100.202309141235/tools/bin/../lib/gcc/arm-none-eabi/11.3.1/../../../../arm-none-eabi/lib/thumb/v6-m/nofp\libc.a(libc_a-sprintf.o)
                0x0000000008007874                sprintf
 .text.__sread  0x00000000080078b4       0x28 C:/ST/STM32CubeIDE_1.13.1/STM32CubeIDE/plugins/com.st.stm32cube.ide.mcu.externaltools.gnu-tools-for-stm32.11.3.rel1.win32_1.1.100.202309141235/tools/bin/../lib/gcc/arm-none-eabi/11.3.1/../../../../arm-none-eabi/lib/thumb/v6-m/nofp\libc.a(libc_a-stdio.o)
                0x00000000080078b4                __sread
 .text.__swrite
                0x00000000080078dc       0x38 C:/ST/STM32CubeIDE_1.13.1/STM32CubeIDE/plugins/com.st.stm32cube.ide.mcu.externaltools.gnu-tools-for-stm32.11.3.rel1.win32_1.1.100.202309141235/tools/bin/../lib/gcc/arm-none-eabi/11.3.1/../../../../arm-none-eabi/lib/thumb/v6-m/nofp\libc.a(libc_a-stdio.o)
                0x00000000080078dc                __swrite
 .text.__sseek  0x0000000008007914       0x2c C:/ST/STM32CubeIDE_1.13.1/STM32CubeIDE/plugins/com.st.stm32cube.ide.mcu.externaltools.gnu-tools-for-stm32.11.3.rel1.win32_1.1.100.202309141235/tools/bin/../lib/gcc/arm-none-eabi/11.3.1/../../../../arm-none-eabi/lib/thumb/v6-m/nofp\libc.a(libc_a-stdio.o)
                0x0000000008007914                __sseek
 .text.__sclose
                0x0000000008007940        0xc C:/ST/STM32CubeIDE_1.13.1/STM32CubeIDE/plugins/com.st.stm32cube.ide.mcu.externaltools.gnu-tools-for-stm32.11.3.rel1.win32_1.1.100.202309141235/tools/bin/../lib/gcc/arm-none-eabi/11.3.1/../../../../arm-none-eabi/lib/thumb/v6-m/nofp\libc.a(libc_a-stdio.o)
                0x0000000008007940                __sclose
 .text.memset   0x000000000800794c       0x10 C:/ST/STM32CubeIDE_1.13.1/STM32CubeIDE/plugins/com.st.stm32cube.ide.mcu.externaltools.gnu-tools-for-stm32.11.3.rel1.win32_1.1.100.202309141235/tools/bin/../lib/gcc/arm-none-eabi/11.3.1/../../../../arm-none-eabi/lib/thumb/v6-m/nofp\libc.a(libc_a-memset.o)
                0x000000000800794c                memset
 .text.__locale_mb_cur_max
                0x000000000800795c       0x10 C:/ST/STM32CubeIDE_1.13.1/STM32CubeIDE/plugins/com.st.stm32cube.ide.mcu.externaltools.gnu-tools-for-stm32.11.3.rel1.win32_1.1.100.202309141235/tools/bin/../lib/gcc/arm-none-eabi/11.3.1/../../../../arm-none-eabi/lib/thumb/v6-m/nofp\libc.a(libc_a-locale.o)
                0x000000000800795c                __locale_mb_cur_max
 .text._close_r
                0x000000000800796c       0x24 C:/ST/STM32CubeIDE_1.13.1/STM32CubeIDE/plugins/com.st.stm32cube.ide.mcu.externaltools.gnu-tools-for-stm32.11.3.rel1.win32_1.1.100.202309141235/tools/bin/../lib/gcc/arm-none-eabi/11.3.1/../../../../arm-none-eabi/lib/thumb/v6-m/nofp\libc.a(libc_a-closer.o)
                0x000000000800796c                _close_r
 .text._lseek_r
                0x0000000008007990       0x28 C:/ST/STM32CubeIDE_1.13.1/STM32CubeIDE/plugins/com.st.stm32cube.ide.mcu.externaltools.gnu-tools-for-stm32.11.3.rel1.win32_1.1.100.202309141235/tools/bin/../lib/gcc/arm-none-eabi/11.3.1/../../../../arm-none-eabi/lib/thumb/v6-m/nofp\libc.a(libc_a-lseekr.o)
                0x0000000008007990                _lseek_r
 .text._read_r  0x00000000080079b8       0x28 C:/ST/STM32CubeIDE_1.13.1/STM32CubeIDE/plugins/com.st.stm32cube.ide.mcu.externaltools.gnu-tools-for-stm32.11.3.rel1.win32_1.1.100.202309141235/tools/bin/../lib/gcc/arm-none-eabi/11.3.1/../../../../arm-none-eabi/lib/thumb/v6-m/nofp\libc.a(libc_a-readr.o)
                0x00000000080079b8                _read_r
 .text._write_r
                0x00000000080079e0       0x28 C:/ST/STM32CubeIDE_1.13.1/STM32CubeIDE/plugins/com.st.stm32cube.ide.mcu.externaltools.gnu-tools-for-stm32.11.3.rel1.win32_1.1.100.202309141235/tools/bin/../lib/gcc/arm-none-eabi/11.3.1/../../../../arm-none-eabi/lib/thumb/v6-m/nofp\libc.a(libc_a-writer.o)
                0x00000000080079e0                _write_r
 .text.__errno  0x0000000008007a08        0xc C:/ST/STM32CubeIDE_1.13.1/STM32CubeIDE/plugins/com.st.stm32cube.ide.mcu.externaltools.gnu-tools-for-stm32.11.3.rel1.win32_1.1.100.202309141235/tools/bin/../lib/gcc/arm-none-eabi/11.3.1/../../../../arm-none-eabi/lib/thumb/v6-m/nofp\libc.a(libc_a-errno.o)
                0x0000000008007a08                __errno
 .text.__libc_init_array
                0x0000000008007a14       0x48 C:/ST/STM32CubeIDE_1.13.1/STM32CubeIDE/plugins/com.st.stm32cube.ide.mcu.externaltools.gnu-tools-for-stm32.11.3.rel1.win32_1.1.100.202309141235/tools/bin/../lib/gcc/arm-none-eabi/11.3.1/../../../../arm-none-eabi/lib/thumb/v6-m/nofp\libc.a(libc_a-init.o)
                0x0000000008007a14                __libc_init_array
 .text.__retarget_lock_init_recursive
                0x0000000008007a5c        0x2 C:/ST/STM32CubeIDE_1.13.1/STM32CubeIDE/plugins/com.st.stm32cube.ide.mcu.externaltools.gnu-tools-for-stm32.11.3.rel1.win32_1.1.100.202309141235/tools/bin/../lib/gcc/arm-none-eabi/11.3.1/../../../../arm-none-eabi/lib/thumb/v6-m/nofp\libc.a(libc_a-lock.o)
                0x0000000008007a5c                __retarget_lock_init_recursive
 .text.__retarget_lock_close_recursive
                0x0000000008007a5e        0x2 C:/ST/STM32CubeIDE_1.13.1/STM32CubeIDE/plugins/com.st.stm32cube.ide.mcu.externaltools.gnu-tools-for-stm32.11.3.rel1.win32_1.1.100.202309141235/tools/bin/../lib/gcc/arm-none-eabi/11.3.1/../../../../arm-none-eabi/lib/thumb/v6-m/nofp\libc.a(libc_a-lock.o)
                0x0000000008007a5e                __retarget_lock_close_recursive
 .text.__retarget_lock_acquire_recursive
                0x0000000008007a60        0x2 C:/ST/STM32CubeIDE_1.13.1/STM32CubeIDE/plugins/com.st.stm32cube.ide.mcu.externaltools.gnu-tools-for-stm32.11.3.rel1.win32_1.1.100.202309141235/tools/bin/../lib/gcc/arm-none-eabi/11.3.1/../../../../arm-none-eabi/lib/thumb/v6-m/nofp\libc.a(libc_a-lock.o)
                0x0000000008007a60                __retarget_lock_acquire_recursive
 .text.__retarget_lock_release_recursive
                0x0000000008007a62        0x2 C:/ST/STM32CubeIDE_1.13.1/STM32CubeIDE/plugins/com.st.stm32cube.ide.mcu.externaltools.gnu-tools-for-stm32.11.3.rel1.win32_1.1.100.202309141235/tools/bin/../lib/gcc/arm-none-eabi/11.3.1/../../../../arm-none-eabi/lib/thumb/v6-m/nofp\libc.a(libc_a-lock.o)
                0x0000000008007a62                __retarget_lock_release_recursive
 .text.memcpy   0x0000000008007a64       0x12 C:/ST/STM32CubeIDE_1.13.1/STM32CubeIDE/plugins/com.st.stm32cube.ide.mcu.externaltools.gnu-tools-for-stm32.11.3.rel1.win32_1.1.100.202309141235/tools/bin/../lib/gcc/arm-none-eabi/11.3.1/../../../../arm-none-eabi/lib/thumb/v6-m/nofp\libc.a(libc_a-memcpy-stub.o)
                0x0000000008007a64                memcpy
 *fill*         0x0000000008007a76        0x2 
 .text.startup.register_fini
                0x0000000008007a78       0x18 C:/ST/STM32CubeIDE_1.13.1/STM32CubeIDE/plugins/com.st.stm32cube.ide.mcu.externaltools.gnu-tools-for-stm32.11.3.rel1.win32_1.1.100.202309141235/tools/bin/../lib/gcc/arm-none-eabi/11.3.1/../../../../arm-none-eabi/lib/thumb/v6-m/nofp\libc.a(libc_a-__call_atexit.o)
 .text.atexit   0x0000000008007a90       0x10 C:/ST/STM32CubeIDE_1.13.1/STM32CubeIDE/plugins/com.st.stm32cube.ide.mcu.externaltools.gnu-tools-for-stm32.11.3.rel1.win32_1.1.100.202309141235/tools/bin/../lib/gcc/arm-none-eabi/11.3.1/../../../../arm-none-eabi/lib/thumb/v6-m/nofp\libc.a(libc_a-atexit.o)
                0x0000000008007a90                atexit
 .text._malloc_trim_r
                0x0000000008007aa0       0xa8 C:/ST/STM32CubeIDE_1.13.1/STM32CubeIDE/plugins/com.st.stm32cube.ide.mcu.externaltools.gnu-tools-for-stm32.11.3.rel1.win32_1.1.100.202309141235/tools/bin/../lib/gcc/arm-none-eabi/11.3.1/../../../../arm-none-eabi/lib/thumb/v6-m/nofp\libc.a(libc_a-freer.o)
                0x0000000008007aa0                _malloc_trim_r
 .text._free_r  0x0000000008007b48      0x164 C:/ST/STM32CubeIDE_1.13.1/STM32CubeIDE/plugins/com.st.stm32cube.ide.mcu.externaltools.gnu-tools-for-stm32.11.3.rel1.win32_1.1.100.202309141235/tools/bin/../lib/gcc/arm-none-eabi/11.3.1/../../../../arm-none-eabi/lib/thumb/v6-m/nofp\libc.a(libc_a-freer.o)
                0x0000000008007b48                _free_r
 .text._malloc_r
                0x0000000008007cac      0x428 C:/ST/STM32CubeIDE_1.13.1/STM32CubeIDE/plugins/com.st.stm32cube.ide.mcu.externaltools.gnu-tools-for-stm32.11.3.rel1.win32_1.1.100.202309141235/tools/bin/../lib/gcc/arm-none-eabi/11.3.1/../../../../arm-none-eabi/lib/thumb/v6-m/nofp\libc.a(libc_a-mallocr.o)
                0x0000000008007cac                _malloc_r
 .text.__ascii_mbtowc
                0x00000000080080d4       0x24 C:/ST/STM32CubeIDE_1.13.1/STM32CubeIDE/plugins/com.st.stm32cube.ide.mcu.externaltools.gnu-tools-for-stm32.11.3.rel1.win32_1.1.100.202309141235/tools/bin/../lib/gcc/arm-none-eabi/11.3.1/../../../../arm-none-eabi/lib/thumb/v6-m/nofp\libc.a(libc_a-mbtowc_r.o)
                0x00000000080080d4                __ascii_mbtowc
 .text.__malloc_lock
                0x00000000080080f8       0x10 C:/ST/STM32CubeIDE_1.13.1/STM32CubeIDE/plugins/com.st.stm32cube.ide.mcu.externaltools.gnu-tools-for-stm32.11.3.rel1.win32_1.1.100.202309141235/tools/bin/../lib/gcc/arm-none-eabi/11.3.1/../../../../arm-none-eabi/lib/thumb/v6-m/nofp\libc.a(libc_a-mlock.o)
                0x00000000080080f8                __malloc_lock
 .text.__malloc_unlock
                0x0000000008008108       0x10 C:/ST/STM32CubeIDE_1.13.1/STM32CubeIDE/plugins/com.st.stm32cube.ide.mcu.externaltools.gnu-tools-for-stm32.11.3.rel1.win32_1.1.100.202309141235/tools/bin/../lib/gcc/arm-none-eabi/11.3.1/../../../../arm-none-eabi/lib/thumb/v6-m/nofp\libc.a(libc_a-mlock.o)
                0x0000000008008108                __malloc_unlock
 .text._Balloc  0x0000000008008118       0x50 C:/ST/STM32CubeIDE_1.13.1/STM32CubeIDE/plugins/com.st.stm32cube.ide.mcu.externaltools.gnu-tools-for-stm32.11.3.rel1.win32_1.1.100.202309141235/tools/bin/../lib/gcc/arm-none-eabi/11.3.1/../../../../arm-none-eabi/lib/thumb/v6-m/nofp\libc.a(libc_a-mprec.o)
                0x0000000008008118                _Balloc
 .text._Bfree   0x0000000008008168       0x14 C:/ST/STM32CubeIDE_1.13.1/STM32CubeIDE/plugins/com.st.stm32cube.ide.mcu.externaltools.gnu-tools-for-stm32.11.3.rel1.win32_1.1.100.202309141235/tools/bin/../lib/gcc/arm-none-eabi/11.3.1/../../../../arm-none-eabi/lib/thumb/v6-m/nofp\libc.a(libc_a-mprec.o)
                0x0000000008008168                _Bfree
 .text.__multadd
                0x000000000800817c       0x88 C:/ST/STM32CubeIDE_1.13.1/STM32CubeIDE/plugins/com.st.stm32cube.ide.mcu.externaltools.gnu-tools-for-stm32.11.3.rel1.win32_1.1.100.202309141235/tools/bin/../lib/gcc/arm-none-eabi/11.3.1/../../../../arm-none-eabi/lib/thumb/v6-m/nofp\libc.a(libc_a-mprec.o)
                0x000000000800817c                __multadd
 .text.__hi0bits
                0x0000000008008204       0x34 C:/ST/STM32CubeIDE_1.13.1/STM32CubeIDE/plugins/com.st.stm32cube.ide.mcu.externaltools.gnu-tools-for-stm32.11.3.rel1.win32_1.1.100.202309141235/tools/bin/../lib/gcc/arm-none-eabi/11.3.1/../../../../arm-none-eabi/lib/thumb/v6-m/nofp\libc.a(libc_a-mprec.o)
                0x0000000008008204                __hi0bits
 .text.__lo0bits
                0x0000000008008238       0x5c C:/ST/STM32CubeIDE_1.13.1/STM32CubeIDE/plugins/com.st.stm32cube.ide.mcu.externaltools.gnu-tools-for-stm32.11.3.rel1.win32_1.1.100.202309141235/tools/bin/../lib/gcc/arm-none-eabi/11.3.1/../../../../arm-none-eabi/lib/thumb/v6-m/nofp\libc.a(libc_a-mprec.o)
                0x0000000008008238                __lo0bits
 .text.__i2b    0x0000000008008294       0x30 C:/ST/STM32CubeIDE_1.13.1/STM32CubeIDE/plugins/com.st.stm32cube.ide.mcu.externaltools.gnu-tools-for-stm32.11.3.rel1.win32_1.1.100.202309141235/tools/bin/../lib/gcc/arm-none-eabi/11.3.1/../../../../arm-none-eabi/lib/thumb/v6-m/nofp\libc.a(libc_a-mprec.o)
                0x0000000008008294                __i2b
 .text.__multiply
                0x00000000080082c4      0x160 C:/ST/STM32CubeIDE_1.13.1/STM32CubeIDE/plugins/com.st.stm32cube.ide.mcu.externaltools.gnu-tools-for-stm32.11.3.rel1.win32_1.1.100.202309141235/tools/bin/../lib/gcc/arm-none-eabi/11.3.1/../../../../arm-none-eabi/lib/thumb/v6-m/nofp\libc.a(libc_a-mprec.o)
                0x00000000080082c4                __multiply
 .text.__pow5mult
                0x0000000008008424       0x84 C:/ST/STM32CubeIDE_1.13.1/STM32CubeIDE/plugins/com.st.stm32cube.ide.mcu.externaltools.gnu-tools-for-stm32.11.3.rel1.win32_1.1.100.202309141235/tools/bin/../lib/gcc/arm-none-eabi/11.3.1/../../../../arm-none-eabi/lib/thumb/v6-m/nofp\libc.a(libc_a-mprec.o)
                0x0000000008008424                __pow5mult
 .text.__lshift
                0x00000000080084a8       0xdc C:/ST/STM32CubeIDE_1.13.1/STM32CubeIDE/plugins/com.st.stm32cube.ide.mcu.externaltools.gnu-tools-for-stm32.11.3.rel1.win32_1.1.100.202309141235/tools/bin/../lib/gcc/arm-none-eabi/11.3.1/../../../../arm-none-eabi/lib/thumb/v6-m/nofp\libc.a(libc_a-mprec.o)
                0x00000000080084a8                __lshift
 .text.__mcmp   0x0000000008008584       0x38 C:/ST/STM32CubeIDE_1.13.1/STM32CubeIDE/plugins/com.st.stm32cube.ide.mcu.externaltools.gnu-tools-for-stm32.11.3.rel1.win32_1.1.100.202309141235/tools/bin/../lib/gcc/arm-none-eabi/11.3.1/../../../../arm-none-eabi/lib/thumb/v6-m/nofp\libc.a(libc_a-mprec.o)
                0x0000000008008584                __mcmp
 .text.__mdiff  0x00000000080085bc      0x130 C:/ST/STM32CubeIDE_1.13.1/STM32CubeIDE/plugins/com.st.stm32cube.ide.mcu.externaltools.gnu-tools-for-stm32.11.3.rel1.win32_1.1.100.202309141235/tools/bin/../lib/gcc/arm-none-eabi/11.3.1/../../../../arm-none-eabi/lib/thumb/v6-m/nofp\libc.a(libc_a-mprec.o)
                0x00000000080085bc                __mdiff
 .text.__d2b    0x00000000080086ec       0xc0 C:/ST/STM32CubeIDE_1.13.1/STM32CubeIDE/plugins/com.st.stm32cube.ide.mcu.externaltools.gnu-tools-for-stm32.11.3.rel1.win32_1.1.100.202309141235/tools/bin/../lib/gcc/arm-none-eabi/11.3.1/../../../../arm-none-eabi/lib/thumb/v6-m/nofp\libc.a(libc_a-mprec.o)
                0x00000000080086ec                __d2b
 .text.__ascii_wctomb
                0x00000000080087ac       0x1a C:/ST/STM32CubeIDE_1.13.1/STM32CubeIDE/plugins/com.st.stm32cube.ide.mcu.externaltools.gnu-tools-for-stm32.11.3.rel1.win32_1.1.100.202309141235/tools/bin/../lib/gcc/arm-none-eabi/11.3.1/../../../../arm-none-eabi/lib/thumb/v6-m/nofp\libc.a(libc_a-wctomb_r.o)
                0x00000000080087ac                __ascii_wctomb
 *fill*         0x00000000080087c6        0x2 
 .text._svfprintf_r
                0x00000000080087c8     0x1484 C:/ST/STM32CubeIDE_1.13.1/STM32CubeIDE/plugins/com.st.stm32cube.ide.mcu.externaltools.gnu-tools-for-stm32.11.3.rel1.win32_1.1.100.202309141235/tools/bin/../lib/gcc/arm-none-eabi/11.3.1/../../../../arm-none-eabi/lib/thumb/v6-m/nofp\libc.a(libc_a-svfprintf.o)
                0x00000000080087c8                _svfprintf_r
 .text._fclose_r
                0x0000000008009c4c       0xbe C:/ST/STM32CubeIDE_1.13.1/STM32CubeIDE/plugins/com.st.stm32cube.ide.mcu.externaltools.gnu-tools-for-stm32.11.3.rel1.win32_1.1.100.202309141235/tools/bin/../lib/gcc/arm-none-eabi/11.3.1/../../../../arm-none-eabi/lib/thumb/v6-m/nofp\libc.a(libc_a-fclose.o)
                0x0000000008009c4c                _fclose_r
 *fill*         0x0000000008009d0a        0x2 
 .text.__sflush_r
                0x0000000008009d0c      0x12c C:/ST/STM32CubeIDE_1.13.1/STM32CubeIDE/plugins/com.st.stm32cube.ide.mcu.externaltools.gnu-tools-for-stm32.11.3.rel1.win32_1.1.100.202309141235/tools/bin/../lib/gcc/arm-none-eabi/11.3.1/../../../../arm-none-eabi/lib/thumb/v6-m/nofp\libc.a(libc_a-fflush.o)
                0x0000000008009d0c                __sflush_r
 .text._fflush_r
                0x0000000008009e38       0x4c C:/ST/STM32CubeIDE_1.13.1/STM32CubeIDE/plugins/com.st.stm32cube.ide.mcu.externaltools.gnu-tools-for-stm32.11.3.rel1.win32_1.1.100.202309141235/tools/bin/../lib/gcc/arm-none-eabi/11.3.1/../../../../arm-none-eabi/lib/thumb/v6-m/nofp\libc.a(libc_a-fflush.o)
                0x0000000008009e38                _fflush_r
 .text.strncpy  0x0000000008009e84       0x28 C:/ST/STM32CubeIDE_1.13.1/STM32CubeIDE/plugins/com.st.stm32cube.ide.mcu.externaltools.gnu-tools-for-stm32.11.3.rel1.win32_1.1.100.202309141235/tools/bin/../lib/gcc/arm-none-eabi/11.3.1/../../../../arm-none-eabi/lib/thumb/v6-m/nofp\libc.a(libc_a-strncpy.o)
                0x0000000008009e84                strncpy
 .text._localeconv_r
                0x0000000008009eac        0x8 C:/ST/STM32CubeIDE_1.13.1/STM32CubeIDE/plugins/com.st.stm32cube.ide.mcu.externaltools.gnu-tools-for-stm32.11.3.rel1.win32_1.1.100.202309141235/tools/bin/../lib/gcc/arm-none-eabi/11.3.1/../../../../arm-none-eabi/lib/thumb/v6-m/nofp\libc.a(libc_a-localeconv.o)
                0x0000000008009eac                _localeconv_r
 .text._sbrk_r  0x0000000008009eb4       0x24 C:/ST/STM32CubeIDE_1.13.1/STM32CubeIDE/plugins/com.st.stm32cube.ide.mcu.externaltools.gnu-tools-for-stm32.11.3.rel1.win32_1.1.100.202309141235/tools/bin/../lib/gcc/arm-none-eabi/11.3.1/../../../../arm-none-eabi/lib/thumb/v6-m/nofp\libc.a(libc_a-sbrkr.o)
                0x0000000008009eb4                _sbrk_r
 .text.__libc_fini_array
                0x0000000008009ed8       0x28 C:/ST/STM32CubeIDE_1.13.1/STM32CubeIDE/plugins/com.st.stm32cube.ide.mcu.externaltools.gnu-tools-for-stm32.11.3.rel1.win32_1.1.100.202309141235/tools/bin/../lib/gcc/arm-none-eabi/11.3.1/../../../../arm-none-eabi/lib/thumb/v6-m/nofp\libc.a(libc_a-fini.o)
                0x0000000008009ed8                __libc_fini_array
 .text.sysconf  0x0000000008009f00       0x16 C:/ST/STM32CubeIDE_1.13.1/STM32CubeIDE/plugins/com.st.stm32cube.ide.mcu.externaltools.gnu-tools-for-stm32.11.3.rel1.win32_1.1.100.202309141235/tools/bin/../lib/gcc/arm-none-eabi/11.3.1/../../../../arm-none-eabi/lib/thumb/v6-m/nofp\libc.a(libc_a-sysconf.o)
                0x0000000008009f00                sysconf
 .text.memchr   0x0000000008009f16       0x16 C:/ST/STM32CubeIDE_1.13.1/STM32CubeIDE/plugins/com.st.stm32cube.ide.mcu.externaltools.gnu-tools-for-stm32.11.3.rel1.win32_1.1.100.202309141235/tools/bin/../lib/gcc/arm-none-eabi/11.3.1/../../../../arm-none-eabi/lib/thumb/v6-m/nofp\libc.a(libc_a-memchr-stub.o)
                0x0000000008009f16                memchr
 .text.frexp    0x0000000008009f2c       0x64 C:/ST/STM32CubeIDE_1.13.1/STM32CubeIDE/plugins/com.st.stm32cube.ide.mcu.externaltools.gnu-tools-for-stm32.11.3.rel1.win32_1.1.100.202309141235/tools/bin/../lib/gcc/arm-none-eabi/11.3.1/../../../../arm-none-eabi/lib/thumb/v6-m/nofp\libc.a(libm_a-s_frexp.o)
                0x0000000008009f2c                frexp
 .text.__register_exitproc
                0x0000000008009f90       0x80 C:/ST/STM32CubeIDE_1.13.1/STM32CubeIDE/plugins/com.st.stm32cube.ide.mcu.externaltools.gnu-tools-for-stm32.11.3.rel1.win32_1.1.100.202309141235/tools/bin/../lib/gcc/arm-none-eabi/11.3.1/../../../../arm-none-eabi/lib/thumb/v6-m/nofp\libc.a(libc_a-__atexit.o)
                0x0000000008009f90                __register_exitproc
 .text.__assert_func
                0x000000000800a010       0x3c C:/ST/STM32CubeIDE_1.13.1/STM32CubeIDE/plugins/com.st.stm32cube.ide.mcu.externaltools.gnu-tools-for-stm32.11.3.rel1.win32_1.1.100.202309141235/tools/bin/../lib/gcc/arm-none-eabi/11.3.1/../../../../arm-none-eabi/lib/thumb/v6-m/nofp\libc.a(libc_a-assert.o)
                0x000000000800a010                __assert_func
 .text._calloc_r
                0x000000000800a04c       0x9c C:/ST/STM32CubeIDE_1.13.1/STM32CubeIDE/plugins/com.st.stm32cube.ide.mcu.externaltools.gnu-tools-for-stm32.11.3.rel1.win32_1.1.100.202309141235/tools/bin/../lib/gcc/arm-none-eabi/11.3.1/../../../../arm-none-eabi/lib/thumb/v6-m/nofp\libc.a(libc_a-callocr.o)
                0x000000000800a04c                _calloc_r
 .text.quorem   0x000000000800a0e8      0x11e C:/ST/STM32CubeIDE_1.13.1/STM32CubeIDE/plugins/com.st.stm32cube.ide.mcu.externaltools.gnu-tools-for-stm32.11.3.rel1.win32_1.1.100.202309141235/tools/bin/../lib/gcc/arm-none-eabi/11.3.1/../../../../arm-none-eabi/lib/thumb/v6-m/nofp\libc.a(libc_a-dtoa.o)
 *fill*         0x000000000800a206        0x2 
 .text._dtoa_r  0x000000000800a208      0xbe8 C:/ST/STM32CubeIDE_1.13.1/STM32CubeIDE/plugins/com.st.stm32cube.ide.mcu.externaltools.gnu-tools-for-stm32.11.3.rel1.win32_1.1.100.202309141235/tools/bin/../lib/gcc/arm-none-eabi/11.3.1/../../../../arm-none-eabi/lib/thumb/v6-m/nofp\libc.a(libc_a-dtoa.o)
                0x000000000800a208                _dtoa_r
 .text.fiprintf
                0x000000000800adf0       0x20 C:/ST/STM32CubeIDE_1.13.1/STM32CubeIDE/plugins/com.st.stm32cube.ide.mcu.externaltools.gnu-tools-for-stm32.11.3.rel1.win32_1.1.100.202309141235/tools/bin/../lib/gcc/arm-none-eabi/11.3.1/../../../../arm-none-eabi/lib/thumb/v6-m/nofp\libc.a(libc_a-fiprintf.o)
                0x000000000800adf0                fiprintf
 .text.__ssprint_r
                0x000000000800ae10      0x108 C:/ST/STM32CubeIDE_1.13.1/STM32CubeIDE/plugins/com.st.stm32cube.ide.mcu.externaltools.gnu-tools-for-stm32.11.3.rel1.win32_1.1.100.202309141235/tools/bin/../lib/gcc/arm-none-eabi/11.3.1/../../../../arm-none-eabi/lib/thumb/v6-m/nofp\libc.a(libc_a-svfiprintf.o)
                0x000000000800ae10                __ssprint_r
 .text.__sprint_r
                0x000000000800af18       0x68 C:/ST/STM32CubeIDE_1.13.1/STM32CubeIDE/plugins/com.st.stm32cube.ide.mcu.externaltools.gnu-tools-for-stm32.11.3.rel1.win32_1.1.100.202309141235/tools/bin/../lib/gcc/arm-none-eabi/11.3.1/../../../../arm-none-eabi/lib/thumb/v6-m/nofp\libc.a(libc_a-vfiprintf.o)
                0x000000000800af18                __sprint_r
 .text._vfiprintf_r
                0x000000000800af80      0x99c C:/ST/STM32CubeIDE_1.13.1/STM32CubeIDE/plugins/com.st.stm32cube.ide.mcu.externaltools.gnu-tools-for-stm32.11.3.rel1.win32_1.1.100.202309141235/tools/bin/../lib/gcc/arm-none-eabi/11.3.1/../../../../arm-none-eabi/lib/thumb/v6-m/nofp\libc.a(libc_a-vfiprintf.o)
                0x000000000800af80                _vfiprintf_r
 .text.__sbprintf
                0x000000000800b91c       0x88 C:/ST/STM32CubeIDE_1.13.1/STM32CubeIDE/plugins/com.st.stm32cube.ide.mcu.externaltools.gnu-tools-for-stm32.11.3.rel1.win32_1.1.100.202309141235/tools/bin/../lib/gcc/arm-none-eabi/11.3.1/../../../../arm-none-eabi/lib/thumb/v6-m/nofp\libc.a(libc_a-vfiprintf.o)
 .text.__sfvwrite_r
                0x000000000800b9a4      0x2bc C:/ST/STM32CubeIDE_1.13.1/STM32CubeIDE/plugins/com.st.stm32cube.ide.mcu.externaltools.gnu-tools-for-stm32.11.3.rel1.win32_1.1.100.202309141235/tools/bin/../lib/gcc/arm-none-eabi/11.3.1/../../../../arm-none-eabi/lib/thumb/v6-m/nofp\libc.a(libc_a-fvwrite.o)
                0x000000000800b9a4                __sfvwrite_r
 .text.__swsetup_r
                0x000000000800bc60       0xc8 C:/ST/STM32CubeIDE_1.13.1/STM32CubeIDE/plugins/com.st.stm32cube.ide.mcu.externaltools.gnu-tools-for-stm32.11.3.rel1.win32_1.1.100.202309141235/tools/bin/../lib/gcc/arm-none-eabi/11.3.1/../../../../arm-none-eabi/lib/thumb/v6-m/nofp\libc.a(libc_a-wsetup.o)
                0x000000000800bc60                __swsetup_r
 .text.__fputwc
                0x000000000800bd28       0x7c C:/ST/STM32CubeIDE_1.13.1/STM32CubeIDE/plugins/com.st.stm32cube.ide.mcu.externaltools.gnu-tools-for-stm32.11.3.rel1.win32_1.1.100.202309141235/tools/bin/../lib/gcc/arm-none-eabi/11.3.1/../../../../arm-none-eabi/lib/thumb/v6-m/nofp\libc.a(libc_a-fputwc.o)
                0x000000000800bd28                __fputwc
 .text._fputwc_r
                0x000000000800bda4       0x52 C:/ST/STM32CubeIDE_1.13.1/STM32CubeIDE/plugins/com.st.stm32cube.ide.mcu.externaltools.gnu-tools-for-stm32.11.3.rel1.win32_1.1.100.202309141235/tools/bin/../lib/gcc/arm-none-eabi/11.3.1/../../../../arm-none-eabi/lib/thumb/v6-m/nofp\libc.a(libc_a-fputwc.o)
                0x000000000800bda4                _fputwc_r
 .text.memmove  0x000000000800bdf6       0x26 C:/ST/STM32CubeIDE_1.13.1/STM32CubeIDE/plugins/com.st.stm32cube.ide.mcu.externaltools.gnu-tools-for-stm32.11.3.rel1.win32_1.1.100.202309141235/tools/bin/../lib/gcc/arm-none-eabi/11.3.1/../../../../arm-none-eabi/lib/thumb/v6-m/nofp\libc.a(libc_a-memmove.o)
                0x000000000800bdf6                memmove
 .text.abort    0x000000000800be1c        0xe C:/ST/STM32CubeIDE_1.13.1/STM32CubeIDE/plugins/com.st.stm32cube.ide.mcu.externaltools.gnu-tools-for-stm32.11.3.rel1.win32_1.1.100.202309141235/tools/bin/../lib/gcc/arm-none-eabi/11.3.1/../../../../arm-none-eabi/lib/thumb/v6-m/nofp\libc.a(libc_a-abort.o)
                0x000000000800be1c                abort
 *fill*         0x000000000800be2a        0x2 
 .text._realloc_r
                0x000000000800be2c      0x34c C:/ST/STM32CubeIDE_1.13.1/STM32CubeIDE/plugins/com.st.stm32cube.ide.mcu.externaltools.gnu-tools-for-stm32.11.3.rel1.win32_1.1.100.202309141235/tools/bin/../lib/gcc/arm-none-eabi/11.3.1/../../../../arm-none-eabi/lib/thumb/v6-m/nofp\libc.a(libc_a-reallocr.o)
                0x000000000800be2c                _realloc_r
 .text._wcrtomb_r
                0x000000000800c178       0x30 C:/ST/STM32CubeIDE_1.13.1/STM32CubeIDE/plugins/com.st.stm32cube.ide.mcu.externaltools.gnu-tools-for-stm32.11.3.rel1.win32_1.1.100.202309141235/tools/bin/../lib/gcc/arm-none-eabi/11.3.1/../../../../arm-none-eabi/lib/thumb/v6-m/nofp\libc.a(libc_a-wcrtomb.o)
                0x000000000800c178                _wcrtomb_r
 .text.__swhatbuf_r
                0x000000000800c1a8       0x5c C:/ST/STM32CubeIDE_1.13.1/STM32CubeIDE/plugins/com.st.stm32cube.ide.mcu.externaltools.gnu-tools-for-stm32.11.3.rel1.win32_1.1.100.202309141235/tools/bin/../lib/gcc/arm-none-eabi/11.3.1/../../../../arm-none-eabi/lib/thumb/v6-m/nofp\libc.a(libc_a-makebuf.o)
                0x000000000800c1a8                __swhatbuf_r
 .text.__smakebuf_r
                0x000000000800c204       0x7c C:/ST/STM32CubeIDE_1.13.1/STM32CubeIDE/plugins/com.st.stm32cube.ide.mcu.externaltools.gnu-tools-for-stm32.11.3.rel1.win32_1.1.100.202309141235/tools/bin/../lib/gcc/arm-none-eabi/11.3.1/../../../../arm-none-eabi/lib/thumb/v6-m/nofp\libc.a(libc_a-makebuf.o)
                0x000000000800c204                __smakebuf_r
 .text.__swbuf_r
                0x000000000800c280       0xa4 C:/ST/STM32CubeIDE_1.13.1/STM32CubeIDE/plugins/com.st.stm32cube.ide.mcu.externaltools.gnu-tools-for-stm32.11.3.rel1.win32_1.1.100.202309141235/tools/bin/../lib/gcc/arm-none-eabi/11.3.1/../../../../arm-none-eabi/lib/thumb/v6-m/nofp\libc.a(libc_a-wbuf.o)
                0x000000000800c280                __swbuf_r
 .text._raise_r
                0x000000000800c324       0x58 C:/ST/STM32CubeIDE_1.13.1/STM32CubeIDE/plugins/com.st.stm32cube.ide.mcu.externaltools.gnu-tools-for-stm32.11.3.rel1.win32_1.1.100.202309141235/tools/bin/../lib/gcc/arm-none-eabi/11.3.1/../../../../arm-none-eabi/lib/thumb/v6-m/nofp\libc.a(libc_a-signal.o)
                0x000000000800c324                _raise_r
 .text.raise    0x000000000800c37c       0x14 C:/ST/STM32CubeIDE_1.13.1/STM32CubeIDE/plugins/com.st.stm32cube.ide.mcu.externaltools.gnu-tools-for-stm32.11.3.rel1.win32_1.1.100.202309141235/tools/bin/../lib/gcc/arm-none-eabi/11.3.1/../../../../arm-none-eabi/lib/thumb/v6-m/nofp\libc.a(libc_a-signal.o)
                0x000000000800c37c                raise
 .text._fstat_r
                0x000000000800c390       0x24 C:/ST/STM32CubeIDE_1.13.1/STM32CubeIDE/plugins/com.st.stm32cube.ide.mcu.externaltools.gnu-tools-for-stm32.11.3.rel1.win32_1.1.100.202309141235/tools/bin/../lib/gcc/arm-none-eabi/11.3.1/../../../../arm-none-eabi/lib/thumb/v6-m/nofp\libc.a(libc_a-fstatr.o)
                0x000000000800c390                _fstat_r
 .text._isatty_r
                0x000000000800c3b4       0x24 C:/ST/STM32CubeIDE_1.13.1/STM32CubeIDE/plugins/com.st.stm32cube.ide.mcu.externaltools.gnu-tools-for-stm32.11.3.rel1.win32_1.1.100.202309141235/tools/bin/../lib/gcc/arm-none-eabi/11.3.1/../../../../arm-none-eabi/lib/thumb/v6-m/nofp\libc.a(libc_a-isattyr.o)
                0x000000000800c3b4                _isatty_r
 .text._kill_r  0x000000000800c3d8       0x24 C:/ST/STM32CubeIDE_1.13.1/STM32CubeIDE/plugins/com.st.stm32cube.ide.mcu.externaltools.gnu-tools-for-stm32.11.3.rel1.win32_1.1.100.202309141235/tools/bin/../lib/gcc/arm-none-eabi/11.3.1/../../../../arm-none-eabi/lib/thumb/v6-m/nofp\libc.a(libc_a-signalr.o)
                0x000000000800c3d8                _kill_r
 .text._getpid_r
                0x000000000800c3fc        0x8 C:/ST/STM32CubeIDE_1.13.1/STM32CubeIDE/plugins/com.st.stm32cube.ide.mcu.externaltools.gnu-tools-for-stm32.11.3.rel1.win32_1.1.100.202309141235/tools/bin/../lib/gcc/arm-none-eabi/11.3.1/../../../../arm-none-eabi/lib/thumb/v6-m/nofp\libc.a(libc_a-signalr.o)
                0x000000000800c3fc                _getpid_r
 *(.glue_7)
 .glue_7        0x000000000800c404        0x0 linker stubs
 *(.glue_7t)
 .glue_7t       0x000000000800c404        0x0 linker stubs
 *(.eh_frame)
 .eh_frame      0x000000000800c404        0x0 C:/ST/STM32CubeIDE_1.13.1/STM32CubeIDE/plugins/com.st.stm32cube.ide.mcu.externaltools.gnu-tools-for-stm32.11.3.rel1.win32_1.1.100.202309141235/tools/bin/../lib/gcc/arm-none-eabi/11.3.1/thumb/v6-m/nofp/crtbegin.o
 *(.init)
 .init          0x000000000800c404        0x4 C:/ST/STM32CubeIDE_1.13.1/STM32CubeIDE/plugins/com.st.stm32cube.ide.mcu.externaltools.gnu-tools-for-stm32.11.3.rel1.win32_1.1.100.202309141235/tools/bin/../lib/gcc/arm-none-eabi/11.3.1/thumb/v6-m/nofp/crti.o
                0x000000000800c404                _init
 .init          0x000000000800c408        0x8 C:/ST/STM32CubeIDE_1.13.1/STM32CubeIDE/plugins/com.st.stm32cube.ide.mcu.externaltools.gnu-tools-for-stm32.11.3.rel1.win32_1.1.100.202309141235/tools/bin/../lib/gcc/arm-none-eabi/11.3.1/thumb/v6-m/nofp/crtn.o
 *(.fini)
 .fini          0x000000000800c410        0x4 C:/ST/STM32CubeIDE_1.13.1/STM32CubeIDE/plugins/com.st.stm32cube.ide.mcu.externaltools.gnu-tools-for-stm32.11.3.rel1.win32_1.1.100.202309141235/tools/bin/../lib/gcc/arm-none-eabi/11.3.1/thumb/v6-m/nofp/crti.o
                0x000000000800c410                _fini
 .fini          0x000000000800c414        0x8 C:/ST/STM32CubeIDE_1.13.1/STM32CubeIDE/plugins/com.st.stm32cube.ide.mcu.externaltools.gnu-tools-for-stm32.11.3.rel1.win32_1.1.100.202309141235/tools/bin/../lib/gcc/arm-none-eabi/11.3.1/thumb/v6-m/nofp/crtn.o
                0x000000000800c41c                . = ALIGN (0x4)
                0x000000000800c41c                _etext = .

.vfp11_veneer   0x000000000800c41c        0x0
 .vfp11_veneer  0x000000000800c41c        0x0 linker stubs

.v4_bx          0x000000000800c41c        0x0
 .v4_bx         0x000000000800c41c        0x0 linker stubs

.iplt           0x000000000800c41c        0x0
 .iplt          0x000000000800c41c        0x0 C:/ST/STM32CubeIDE_1.13.1/STM32CubeIDE/plugins/com.st.stm32cube.ide.mcu.externaltools.gnu-tools-for-stm32.11.3.rel1.win32_1.1.100.202309141235/tools/bin/../lib/gcc/arm-none-eabi/11.3.1/thumb/v6-m/nofp/crtbegin.o

.rodata         0x000000000800c420     0x1bbc
                0x000000000800c420                . = ALIGN (0x4)
 *(.rodata)
 .rodata        0x000000000800c420       0x73 ./Core/Src/main.o
 *fill*         0x000000000800c493        0x1 
 .rodata        0x000000000800c494      0xfec ./my_drvs/Src/astronode_application.o
 .rodata        0x000000000800d480      0x6bd ./my_drvs/Src/astronode_transport.o
 *fill*         0x000000000800db3d        0x3 
 .rodata        0x000000000800db40       0x31 ./my_drvs/Src/my_rtc.o
 *fill*         0x000000000800db71        0x3 
 .rodata        0x000000000800db74       0x40 C:/ST/STM32CubeIDE_1.13.1/STM32CubeIDE/plugins/com.st.stm32cube.ide.mcu.externaltools.gnu-tools-for-stm32.11.3.rel1.win32_1.1.100.202309141235/tools/bin/../lib/gcc/arm-none-eabi/11.3.1/thumb/v6-m/nofp\libgcc.a(divdf3.o)
 *(.rodata*)
 .rodata.AHBPrescTable
                0x000000000800dbb4       0x40 ./Core/Src/system_stm32g0xx.o
                0x000000000800dbb4                AHBPrescTable
 .rodata.APBPrescTable
                0x000000000800dbf4       0x20 ./Core/Src/system_stm32g0xx.o
                0x000000000800dbf4                APBPrescTable
 .rodata.UARTPrescTable
                0x000000000800dc14       0x18 ./Drivers/STM32G0xx_HAL_Driver/Src/stm32g0xx_hal_uart.o
                0x000000000800dc14                UARTPrescTable
 .rodata.numerator.1
                0x000000000800dc2c        0x8 ./Drivers/STM32G0xx_HAL_Driver/Src/stm32g0xx_hal_uart_ex.o
 .rodata.denominator.0
                0x000000000800dc34        0x8 ./Drivers/STM32G0xx_HAL_Driver/Src/stm32g0xx_hal_uart_ex.o
 .rodata.g_ascii_lookup
                0x000000000800dc3c       0x10 ./my_drvs/Src/astronode_transport.o
 .rodata._ctype_
                0x000000000800dc4c      0x101 C:/ST/STM32CubeIDE_1.13.1/STM32CubeIDE/plugins/com.st.stm32cube.ide.mcu.externaltools.gnu-tools-for-stm32.11.3.rel1.win32_1.1.100.202309141235/tools/bin/../lib/gcc/arm-none-eabi/11.3.1/../../../../arm-none-eabi/lib/thumb/v6-m/nofp\libc.a(libc_a-ctype_.o)
                0x000000000800dc4c                _ctype_
 .rodata._setlocale_r.str1.1
                0x000000000800dd4d        0x8 C:/ST/STM32CubeIDE_1.13.1/STM32CubeIDE/plugins/com.st.stm32cube.ide.mcu.externaltools.gnu-tools-for-stm32.11.3.rel1.win32_1.1.100.202309141235/tools/bin/../lib/gcc/arm-none-eabi/11.3.1/../../../../arm-none-eabi/lib/thumb/v6-m/nofp\libc.a(libc_a-locale.o)
                                          0x9 (size before relaxing)
 .rodata.str1.1
                0x000000000800dd55        0x2 C:/ST/STM32CubeIDE_1.13.1/STM32CubeIDE/plugins/com.st.stm32cube.ide.mcu.externaltools.gnu-tools-for-stm32.11.3.rel1.win32_1.1.100.202309141235/tools/bin/../lib/gcc/arm-none-eabi/11.3.1/../../../../arm-none-eabi/lib/thumb/v6-m/nofp\libc.a(libc_a-locale.o)
 .rodata.__multadd.str1.1
                0x000000000800dd57       0x6a C:/ST/STM32CubeIDE_1.13.1/STM32CubeIDE/plugins/com.st.stm32cube.ide.mcu.externaltools.gnu-tools-for-stm32.11.3.rel1.win32_1.1.100.202309141235/tools/bin/../lib/gcc/arm-none-eabi/11.3.1/../../../../arm-none-eabi/lib/thumb/v6-m/nofp\libc.a(libc_a-mprec.o)
 *fill*         0x000000000800ddc1        0x7 
 .rodata.__mprec_bigtens
                0x000000000800ddc8       0x28 C:/ST/STM32CubeIDE_1.13.1/STM32CubeIDE/plugins/com.st.stm32cube.ide.mcu.externaltools.gnu-tools-for-stm32.11.3.rel1.win32_1.1.100.202309141235/tools/bin/../lib/gcc/arm-none-eabi/11.3.1/../../../../arm-none-eabi/lib/thumb/v6-m/nofp\libc.a(libc_a-mprec.o)
                0x000000000800ddc8                __mprec_bigtens
 .rodata.__mprec_tens
                0x000000000800ddf0       0xc8 C:/ST/STM32CubeIDE_1.13.1/STM32CubeIDE/plugins/com.st.stm32cube.ide.mcu.externaltools.gnu-tools-for-stm32.11.3.rel1.win32_1.1.100.202309141235/tools/bin/../lib/gcc/arm-none-eabi/11.3.1/../../../../arm-none-eabi/lib/thumb/v6-m/nofp\libc.a(libc_a-mprec.o)
                0x000000000800ddf0                __mprec_tens
 .rodata.p05.0  0x000000000800deb8        0xc C:/ST/STM32CubeIDE_1.13.1/STM32CubeIDE/plugins/com.st.stm32cube.ide.mcu.externaltools.gnu-tools-for-stm32.11.3.rel1.win32_1.1.100.202309141235/tools/bin/../lib/gcc/arm-none-eabi/11.3.1/../../../../arm-none-eabi/lib/thumb/v6-m/nofp\libc.a(libc_a-mprec.o)
 .rodata._svfprintf_r.str1.1
                0x000000000800dec4       0x34 C:/ST/STM32CubeIDE_1.13.1/STM32CubeIDE/plugins/com.st.stm32cube.ide.mcu.externaltools.gnu-tools-for-stm32.11.3.rel1.win32_1.1.100.202309141235/tools/bin/../lib/gcc/arm-none-eabi/11.3.1/../../../../arm-none-eabi/lib/thumb/v6-m/nofp\libc.a(libc_a-svfprintf.o)
 .rodata.blanks.1
                0x000000000800def8       0x10 C:/ST/STM32CubeIDE_1.13.1/STM32CubeIDE/plugins/com.st.stm32cube.ide.mcu.externaltools.gnu-tools-for-stm32.11.3.rel1.win32_1.1.100.202309141235/tools/bin/../lib/gcc/arm-none-eabi/11.3.1/../../../../arm-none-eabi/lib/thumb/v6-m/nofp\libc.a(libc_a-svfprintf.o)
 .rodata.zeroes.0
                0x000000000800df08       0x10 C:/ST/STM32CubeIDE_1.13.1/STM32CubeIDE/plugins/com.st.stm32cube.ide.mcu.externaltools.gnu-tools-for-stm32.11.3.rel1.win32_1.1.100.202309141235/tools/bin/../lib/gcc/arm-none-eabi/11.3.1/../../../../arm-none-eabi/lib/thumb/v6-m/nofp\libc.a(libc_a-svfprintf.o)
 .rodata.__assert_func.str1.1
                0x000000000800df18       0x3c C:/ST/STM32CubeIDE_1.13.1/STM32CubeIDE/plugins/com.st.stm32cube.ide.mcu.externaltools.gnu-tools-for-stm32.11.3.rel1.win32_1.1.100.202309141235/tools/bin/../lib/gcc/arm-none-eabi/11.3.1/../../../../arm-none-eabi/lib/thumb/v6-m/nofp\libc.a(libc_a-assert.o)
                                         0x3d (size before relaxing)
 .rodata._dtoa_r.str1.1
                0x000000000800df54       0x65 C:/ST/STM32CubeIDE_1.13.1/STM32CubeIDE/plugins/com.st.stm32cube.ide.mcu.externaltools.gnu-tools-for-stm32.11.3.rel1.win32_1.1.100.202309141235/tools/bin/../lib/gcc/arm-none-eabi/11.3.1/../../../../arm-none-eabi/lib/thumb/v6-m/nofp\libc.a(libc_a-dtoa.o)
                                         0x78 (size before relaxing)
 .rodata._vfiprintf_r.str1.1
                0x000000000800dfb9       0x22 C:/ST/STM32CubeIDE_1.13.1/STM32CubeIDE/plugins/com.st.stm32cube.ide.mcu.externaltools.gnu-tools-for-stm32.11.3.rel1.win32_1.1.100.202309141235/tools/bin/../lib/gcc/arm-none-eabi/11.3.1/../../../../arm-none-eabi/lib/thumb/v6-m/nofp\libc.a(libc_a-vfiprintf.o)
 .rodata.blanks.1
                0x000000000800dfb9       0x10 C:/ST/STM32CubeIDE_1.13.1/STM32CubeIDE/plugins/com.st.stm32cube.ide.mcu.externaltools.gnu-tools-for-stm32.11.3.rel1.win32_1.1.100.202309141235/tools/bin/../lib/gcc/arm-none-eabi/11.3.1/../../../../arm-none-eabi/lib/thumb/v6-m/nofp\libc.a(libc_a-vfiprintf.o)
 .rodata.zeroes.0
                0x000000000800dfc9       0x10 C:/ST/STM32CubeIDE_1.13.1/STM32CubeIDE/plugins/com.st.stm32cube.ide.mcu.externaltools.gnu-tools-for-stm32.11.3.rel1.win32_1.1.100.202309141235/tools/bin/../lib/gcc/arm-none-eabi/11.3.1/../../../../arm-none-eabi/lib/thumb/v6-m/nofp\libc.a(libc_a-vfiprintf.o)
                0x000000000800dfdc                . = ALIGN (0x4)
 *fill*         0x000000000800dfd9        0x3 

.ARM.extab      0x000000000800dfdc        0x0
                0x000000000800dfdc                . = ALIGN (0x4)
 *(.ARM.extab* .gnu.linkonce.armextab.*)
                0x000000000800dfdc                . = ALIGN (0x4)

.ARM            0x000000000800dfdc        0x8
                0x000000000800dfdc                . = ALIGN (0x4)
                0x000000000800dfdc                __exidx_start = .
 *(.ARM.exidx*)
 .ARM.exidx     0x000000000800dfdc        0x8 C:/ST/STM32CubeIDE_1.13.1/STM32CubeIDE/plugins/com.st.stm32cube.ide.mcu.externaltools.gnu-tools-for-stm32.11.3.rel1.win32_1.1.100.202309141235/tools/bin/../lib/gcc/arm-none-eabi/11.3.1/thumb/v6-m/nofp\libgcc.a(_udivmoddi4.o)
                0x000000000800dfe4                __exidx_end = .
                0x000000000800dfe4                . = ALIGN (0x4)

.rel.dyn        0x000000000800dfe4        0x0
 .rel.iplt      0x000000000800dfe4        0x0 C:/ST/STM32CubeIDE_1.13.1/STM32CubeIDE/plugins/com.st.stm32cube.ide.mcu.externaltools.gnu-tools-for-stm32.11.3.rel1.win32_1.1.100.202309141235/tools/bin/../lib/gcc/arm-none-eabi/11.3.1/thumb/v6-m/nofp/crtbegin.o

.preinit_array  0x000000000800dfe4        0x0
                0x000000000800dfe4                . = ALIGN (0x4)
                0x000000000800dfe4                PROVIDE (__preinit_array_start = .)
 *(.preinit_array*)
                0x000000000800dfe4                PROVIDE (__preinit_array_end = .)
                0x000000000800dfe4                . = ALIGN (0x4)

.init_array     0x000000000800dfe4        0x8
                0x000000000800dfe4                . = ALIGN (0x4)
                0x000000000800dfe4                PROVIDE (__init_array_start = .)
 *(SORT_BY_NAME(.init_array.*))
 .init_array.00000
                0x000000000800dfe4        0x4 C:/ST/STM32CubeIDE_1.13.1/STM32CubeIDE/plugins/com.st.stm32cube.ide.mcu.externaltools.gnu-tools-for-stm32.11.3.rel1.win32_1.1.100.202309141235/tools/bin/../lib/gcc/arm-none-eabi/11.3.1/../../../../arm-none-eabi/lib/thumb/v6-m/nofp\libc.a(libc_a-__call_atexit.o)
 *(.init_array*)
 .init_array    0x000000000800dfe8        0x4 C:/ST/STM32CubeIDE_1.13.1/STM32CubeIDE/plugins/com.st.stm32cube.ide.mcu.externaltools.gnu-tools-for-stm32.11.3.rel1.win32_1.1.100.202309141235/tools/bin/../lib/gcc/arm-none-eabi/11.3.1/thumb/v6-m/nofp/crtbegin.o
                0x000000000800dfec                PROVIDE (__init_array_end = .)
                0x000000000800dfec                . = ALIGN (0x4)

.fini_array     0x000000000800dfec        0x4
                0x000000000800dfec                . = ALIGN (0x4)
                0x000000000800dfec                PROVIDE (__fini_array_start = .)
 *(SORT_BY_NAME(.fini_array.*))
 *(.fini_array*)
 .fini_array    0x000000000800dfec        0x4 C:/ST/STM32CubeIDE_1.13.1/STM32CubeIDE/plugins/com.st.stm32cube.ide.mcu.externaltools.gnu-tools-for-stm32.11.3.rel1.win32_1.1.100.202309141235/tools/bin/../lib/gcc/arm-none-eabi/11.3.1/thumb/v6-m/nofp/crtbegin.o
                0x000000000800dff0                PROVIDE (__fini_array_end = .)
                0x000000000800dff0                . = ALIGN (0x4)
                0x000000000800dff0                _sidata = LOADADDR (.data)

.data           0x0000000020000000      0x6c0 load address 0x000000000800dff0
                0x0000000020000000                . = ALIGN (0x4)
                0x0000000020000000                _sdata = .
 *(.data)
 *(.data*)
 .data.hello    0x0000000020000000        0x4 ./Core/Src/main.o
                0x0000000020000000                hello
 .data.SystemCoreClock
                0x0000000020000004        0x4 ./Core/Src/system_stm32g0xx.o
                0x0000000020000004                SystemCoreClock
 .data.uwTickPrio
                0x0000000020000008        0x4 ./Drivers/STM32G0xx_HAL_Driver/Src/stm32g0xx_hal.o
                0x0000000020000008                uwTickPrio
 .data.uwTickFreq
                0x000000002000000c        0x1 ./Drivers/STM32G0xx_HAL_Driver/Src/stm32g0xx_hal.o
                0x000000002000000c                uwTickFreq
 *fill*         0x000000002000000d        0x3 
 .data.__sglue  0x0000000020000010        0xc C:/ST/STM32CubeIDE_1.13.1/STM32CubeIDE/plugins/com.st.stm32cube.ide.mcu.externaltools.gnu-tools-for-stm32.11.3.rel1.win32_1.1.100.202309141235/tools/bin/../lib/gcc/arm-none-eabi/11.3.1/../../../../arm-none-eabi/lib/thumb/v6-m/nofp\libc.a(libc_a-findfp.o)
                0x0000000020000010                __sglue
 .data.__global_locale
                0x000000002000001c      0x16c C:/ST/STM32CubeIDE_1.13.1/STM32CubeIDE/plugins/com.st.stm32cube.ide.mcu.externaltools.gnu-tools-for-stm32.11.3.rel1.win32_1.1.100.202309141235/tools/bin/../lib/gcc/arm-none-eabi/11.3.1/../../../../arm-none-eabi/lib/thumb/v6-m/nofp\libc.a(libc_a-locale.o)
                0x000000002000001c                __global_locale
 .data._impure_data
                0x0000000020000188      0x120 C:/ST/STM32CubeIDE_1.13.1/STM32CubeIDE/plugins/com.st.stm32cube.ide.mcu.externaltools.gnu-tools-for-stm32.11.3.rel1.win32_1.1.100.202309141235/tools/bin/../lib/gcc/arm-none-eabi/11.3.1/../../../../arm-none-eabi/lib/thumb/v6-m/nofp\libc.a(libc_a-impure.o)
                0x0000000020000188                _impure_data
 .data._impure_ptr
                0x00000000200002a8        0x4 C:/ST/STM32CubeIDE_1.13.1/STM32CubeIDE/plugins/com.st.stm32cube.ide.mcu.externaltools.gnu-tools-for-stm32.11.3.rel1.win32_1.1.100.202309141235/tools/bin/../lib/gcc/arm-none-eabi/11.3.1/../../../../arm-none-eabi/lib/thumb/v6-m/nofp\libc.a(libc_a-impure.o)
                0x00000000200002a8                _impure_ptr
 .data.__atexit_recursive_mutex
                0x00000000200002ac        0x4 C:/ST/STM32CubeIDE_1.13.1/STM32CubeIDE/plugins/com.st.stm32cube.ide.mcu.externaltools.gnu-tools-for-stm32.11.3.rel1.win32_1.1.100.202309141235/tools/bin/../lib/gcc/arm-none-eabi/11.3.1/../../../../arm-none-eabi/lib/thumb/v6-m/nofp\libc.a(libc_a-__call_atexit.o)
                0x00000000200002ac                __atexit_recursive_mutex
 .data.__malloc_av_
                0x00000000200002b0      0x408 C:/ST/STM32CubeIDE_1.13.1/STM32CubeIDE/plugins/com.st.stm32cube.ide.mcu.externaltools.gnu-tools-for-stm32.11.3.rel1.win32_1.1.100.202309141235/tools/bin/../lib/gcc/arm-none-eabi/11.3.1/../../../../arm-none-eabi/lib/thumb/v6-m/nofp\libc.a(libc_a-mallocr.o)
                0x00000000200002b0                __malloc_av_
 .data.__malloc_sbrk_base
                0x00000000200006b8        0x4 C:/ST/STM32CubeIDE_1.13.1/STM32CubeIDE/plugins/com.st.stm32cube.ide.mcu.externaltools.gnu-tools-for-stm32.11.3.rel1.win32_1.1.100.202309141235/tools/bin/../lib/gcc/arm-none-eabi/11.3.1/../../../../arm-none-eabi/lib/thumb/v6-m/nofp\libc.a(libc_a-mallocr.o)
                0x00000000200006b8                __malloc_sbrk_base
 .data.__malloc_trim_threshold
                0x00000000200006bc        0x4 C:/ST/STM32CubeIDE_1.13.1/STM32CubeIDE/plugins/com.st.stm32cube.ide.mcu.externaltools.gnu-tools-for-stm32.11.3.rel1.win32_1.1.100.202309141235/tools/bin/../lib/gcc/arm-none-eabi/11.3.1/../../../../arm-none-eabi/lib/thumb/v6-m/nofp\libc.a(libc_a-mallocr.o)
                0x00000000200006bc                __malloc_trim_threshold
 *(.RamFunc)
 *(.RamFunc*)
                0x00000000200006c0                . = ALIGN (0x4)
                0x00000000200006c0                _edata = .

.igot.plt       0x00000000200006c0        0x0 load address 0x000000000800e6b0
 .igot.plt      0x00000000200006c0        0x0 C:/ST/STM32CubeIDE_1.13.1/STM32CubeIDE/plugins/com.st.stm32cube.ide.mcu.externaltools.gnu-tools-for-stm32.11.3.rel1.win32_1.1.100.202309141235/tools/bin/../lib/gcc/arm-none-eabi/11.3.1/thumb/v6-m/nofp/crtbegin.o
                0x00000000200006c0                . = ALIGN (0x4)

.bss            0x00000000200006c0      0x4e8 load address 0x000000000800e6b0
                0x00000000200006c0                _sbss = .
                0x00000000200006c0                __bss_start__ = _sbss
 *(.bss)
 .bss           0x00000000200006c0       0x1c C:/ST/STM32CubeIDE_1.13.1/STM32CubeIDE/plugins/com.st.stm32cube.ide.mcu.externaltools.gnu-tools-for-stm32.11.3.rel1.win32_1.1.100.202309141235/tools/bin/../lib/gcc/arm-none-eabi/11.3.1/thumb/v6-m/nofp/crtbegin.o
 *(.bss*)
 .bss.hrtc      0x00000000200006dc       0x2c ./Core/Src/main.o
                0x00000000200006dc                hrtc
 .bss.htim6     0x0000000020000708       0x4c ./Core/Src/main.o
                0x0000000020000708                htim6
 .bss.huart2    0x0000000020000754       0x94 ./Core/Src/main.o
                0x0000000020000754                huart2
 .bss.huart3    0x00000000200007e8       0x94 ./Core/Src/main.o
                0x00000000200007e8                huart3
 .bss.rtc_dt_s  0x000000002000087c       0x14 ./Core/Src/main.o
                0x000000002000087c                rtc_dt_s
 .bss.tim_seconds
                0x0000000020000890        0x2 ./Core/Src/main.o
                0x0000000020000890                tim_seconds
 *fill*         0x0000000020000892        0x2 
 .bss.__sbrk_heap_end
                0x0000000020000894        0x4 ./Core/Src/sysmem.o
 .bss.uwTick    0x0000000020000898        0x4 ./Drivers/STM32G0xx_HAL_Driver/Src/stm32g0xx_hal.o
                0x0000000020000898                uwTick
 .bss.__sf      0x000000002000089c      0x138 C:/ST/STM32CubeIDE_1.13.1/STM32CubeIDE/plugins/com.st.stm32cube.ide.mcu.externaltools.gnu-tools-for-stm32.11.3.rel1.win32_1.1.100.202309141235/tools/bin/../lib/gcc/arm-none-eabi/11.3.1/../../../../arm-none-eabi/lib/thumb/v6-m/nofp\libc.a(libc_a-findfp.o)
                0x000000002000089c                __sf
 .bss.__stdio_exit_handler
                0x00000000200009d4        0x4 C:/ST/STM32CubeIDE_1.13.1/STM32CubeIDE/plugins/com.st.stm32cube.ide.mcu.externaltools.gnu-tools-for-stm32.11.3.rel1.win32_1.1.100.202309141235/tools/bin/../lib/gcc/arm-none-eabi/11.3.1/../../../../arm-none-eabi/lib/thumb/v6-m/nofp\libc.a(libc_a-findfp.o)
                0x00000000200009d4                __stdio_exit_handler
 .bss.errno     0x00000000200009d8        0x4 C:/ST/STM32CubeIDE_1.13.1/STM32CubeIDE/plugins/com.st.stm32cube.ide.mcu.externaltools.gnu-tools-for-stm32.11.3.rel1.win32_1.1.100.202309141235/tools/bin/../lib/gcc/arm-none-eabi/11.3.1/../../../../arm-none-eabi/lib/thumb/v6-m/nofp\libc.a(libc_a-reent.o)
                0x00000000200009d8                errno
 .bss.__lock___atexit_recursive_mutex
                0x00000000200009dc        0x1 C:/ST/STM32CubeIDE_1.13.1/STM32CubeIDE/plugins/com.st.stm32cube.ide.mcu.externaltools.gnu-tools-for-stm32.11.3.rel1.win32_1.1.100.202309141235/tools/bin/../lib/gcc/arm-none-eabi/11.3.1/../../../../arm-none-eabi/lib/thumb/v6-m/nofp\libc.a(libc_a-lock.o)
                0x00000000200009dc                __lock___atexit_recursive_mutex
 .bss.__lock___malloc_recursive_mutex
                0x00000000200009dd        0x1 C:/ST/STM32CubeIDE_1.13.1/STM32CubeIDE/plugins/com.st.stm32cube.ide.mcu.externaltools.gnu-tools-for-stm32.11.3.rel1.win32_1.1.100.202309141235/tools/bin/../lib/gcc/arm-none-eabi/11.3.1/../../../../arm-none-eabi/lib/thumb/v6-m/nofp\libc.a(libc_a-lock.o)
                0x00000000200009dd                __lock___malloc_recursive_mutex
 .bss.__lock___sfp_recursive_mutex
                0x00000000200009de        0x1 C:/ST/STM32CubeIDE_1.13.1/STM32CubeIDE/plugins/com.st.stm32cube.ide.mcu.externaltools.gnu-tools-for-stm32.11.3.rel1.win32_1.1.100.202309141235/tools/bin/../lib/gcc/arm-none-eabi/11.3.1/../../../../arm-none-eabi/lib/thumb/v6-m/nofp\libc.a(libc_a-lock.o)
                0x00000000200009de                __lock___sfp_recursive_mutex
 *fill*         0x00000000200009df        0x1 
 .bss.__atexit  0x00000000200009e0        0x4 C:/ST/STM32CubeIDE_1.13.1/STM32CubeIDE/plugins/com.st.stm32cube.ide.mcu.externaltools.gnu-tools-for-stm32.11.3.rel1.win32_1.1.100.202309141235/tools/bin/../lib/gcc/arm-none-eabi/11.3.1/../../../../arm-none-eabi/lib/thumb/v6-m/nofp\libc.a(libc_a-__call_atexit.o)
                0x00000000200009e0                __atexit
 .bss.__malloc_current_mallinfo
                0x00000000200009e4       0x28 C:/ST/STM32CubeIDE_1.13.1/STM32CubeIDE/plugins/com.st.stm32cube.ide.mcu.externaltools.gnu-tools-for-stm32.11.3.rel1.win32_1.1.100.202309141235/tools/bin/../lib/gcc/arm-none-eabi/11.3.1/../../../../arm-none-eabi/lib/thumb/v6-m/nofp\libc.a(libc_a-mallocr.o)
                0x00000000200009e4                __malloc_current_mallinfo
 .bss.__malloc_max_sbrked_mem
                0x0000000020000a0c        0x4 C:/ST/STM32CubeIDE_1.13.1/STM32CubeIDE/plugins/com.st.stm32cube.ide.mcu.externaltools.gnu-tools-for-stm32.11.3.rel1.win32_1.1.100.202309141235/tools/bin/../lib/gcc/arm-none-eabi/11.3.1/../../../../arm-none-eabi/lib/thumb/v6-m/nofp\libc.a(libc_a-mallocr.o)
                0x0000000020000a0c                __malloc_max_sbrked_mem
 .bss.__malloc_max_total_mem
                0x0000000020000a10        0x4 C:/ST/STM32CubeIDE_1.13.1/STM32CubeIDE/plugins/com.st.stm32cube.ide.mcu.externaltools.gnu-tools-for-stm32.11.3.rel1.win32_1.1.100.202309141235/tools/bin/../lib/gcc/arm-none-eabi/11.3.1/../../../../arm-none-eabi/lib/thumb/v6-m/nofp\libc.a(libc_a-mallocr.o)
                0x0000000020000a10                __malloc_max_total_mem
 .bss.__malloc_top_pad
                0x0000000020000a14        0x4 C:/ST/STM32CubeIDE_1.13.1/STM32CubeIDE/plugins/com.st.stm32cube.ide.mcu.externaltools.gnu-tools-for-stm32.11.3.rel1.win32_1.1.100.202309141235/tools/bin/../lib/gcc/arm-none-eabi/11.3.1/../../../../arm-none-eabi/lib/thumb/v6-m/nofp\libc.a(libc_a-mallocr.o)
                0x0000000020000a14                __malloc_top_pad
 .bss.__atexit0
                0x0000000020000a18      0x190 C:/ST/STM32CubeIDE_1.13.1/STM32CubeIDE/plugins/com.st.stm32cube.ide.mcu.externaltools.gnu-tools-for-stm32.11.3.rel1.win32_1.1.100.202309141235/tools/bin/../lib/gcc/arm-none-eabi/11.3.1/../../../../arm-none-eabi/lib/thumb/v6-m/nofp\libc.a(libc_a-__atexit.o)
                0x0000000020000a18                __atexit0
 *(COMMON)
                0x0000000020000ba8                . = ALIGN (0x4)
                0x0000000020000ba8                _ebss = .
                0x0000000020000ba8                __bss_end__ = _ebss

._user_heap_stack
                0x0000000020000ba8      0x600 load address 0x000000000800e6b0
                0x0000000020000ba8                . = ALIGN (0x8)
                [!provide]                        PROVIDE (end = .)
                0x0000000020000ba8                PROVIDE (_end = .)
                0x0000000020000da8                . = (. + _Min_Heap_Size)
 *fill*         0x0000000020000ba8      0x200 
                0x00000000200011a8                . = (. + _Min_Stack_Size)
 *fill*         0x0000000020000da8      0x400 
                0x00000000200011a8                . = ALIGN (0x8)

/DISCARD/
 libc.a(*)
 libm.a(*)
 libgcc.a(*)

.ARM.attributes
                0x0000000000000000       0x28
 *(.ARM.attributes)
 .ARM.attributes
                0x0000000000000000       0x1e C:/ST/STM32CubeIDE_1.13.1/STM32CubeIDE/plugins/com.st.stm32cube.ide.mcu.externaltools.gnu-tools-for-stm32.11.3.rel1.win32_1.1.100.202309141235/tools/bin/../lib/gcc/arm-none-eabi/11.3.1/thumb/v6-m/nofp/crti.o
 .ARM.attributes
                0x000000000000001e       0x2c C:/ST/STM32CubeIDE_1.13.1/STM32CubeIDE/plugins/com.st.stm32cube.ide.mcu.externaltools.gnu-tools-for-stm32.11.3.rel1.win32_1.1.100.202309141235/tools/bin/../lib/gcc/arm-none-eabi/11.3.1/thumb/v6-m/nofp/crtbegin.o
 .ARM.attributes
                0x000000000000004a       0x2c ./Core/Src/main.o
 .ARM.attributes
                0x0000000000000076       0x2c ./Core/Src/stm32g0xx_hal_msp.o
 .ARM.attributes
                0x00000000000000a2       0x2c ./Core/Src/stm32g0xx_it.o
 .ARM.attributes
                0x00000000000000ce       0x2c ./Core/Src/syscalls.o
 .ARM.attributes