../Core/Src/main.c:89:5:main	16	static
../Core/Src/main.c:149:6:SystemClock_Config	96	static
../Core/Src/main.c:191:13:MX_RTC_Init	72	static
../Core/Src/main.c:276:13:MX_TIM6_Init	24	static
../Core/Src/main.c:314:13:MX_USART2_UART_Init	8	static
../Core/Src/main.c:362:13:MX_USART3_UART_Init	8	static
../Core/Src/main.c:410:13:MX_GPIO_Init	56	static
../Core/Src/main.c:457:6:send_debug_logs	24	static
../Core/Src/main.c:470:6:reset_astronode	8	static
../Core/Src/main.c:477:6:send_astronode_request	16	static
../Core/Src/main.c:484:6:is_astronode_character_received	16	static
../Core/Src/main.c:488:6:is_evt_pin_high	8	static
../Core/Src/main.c:492:10:get_systick	8	static
../Core/Src/main.c:496:6:is_systick_timeout_over	16	static
../Core/Src/main.c:502:6:my_tim_init	16	static
../Core/Src/main.c:507:6:my_tim_start	16	static
../Core/Src/main.c:513:6:my_tim_stop	16	static
../Core/Src/main.c:519:6:is_system_initialized	24	static
../Core/Src/main.c:540:6:Error_Handler	8	static,ignoring_inline_asm
