../Core/Src/main.c:90:5:main	80	static,ignoring_inline_asm
../Core/Src/main.c:153:6:SystemClock_Config	96	static
../Core/Src/main.c:195:13:MX_RTC_Init	72	static
../Core/Src/main.c:280:13:MX_TIM6_Init	24	static
../Core/Src/main.c:318:13:MX_USART2_UART_Init	8	static
../Core/Src/main.c:366:13:MX_USART3_UART_Init	8	static
../Core/Src/main.c:414:13:MX_GPIO_Init	56	static
../Core/Src/main.c:461:6:send_debug_logs	24	static
../Core/Src/main.c:474:6:reset_astronode	8	static
../Core/Src/main.c:481:6:send_astronode_request	16	static
../Core/Src/main.c:488:6:is_astronode_character_received	16	static
../Core/Src/main.c:492:6:is_evt_pin_high	8	static
../Core/Src/main.c:496:10:get_systick	8	static
../Core/Src/main.c:500:6:is_systick_timeout_over	16	static
../Core/Src/main.c:506:6:my_tim_init	16	static
../Core/Src/main.c:511:6:my_tim_start	16	static
../Core/Src/main.c:517:6:my_tim_stop	16	static
../Core/Src/main.c:523:6:my_astro_init	40	static
../Core/Src/main.c:563:6:is_system_initialized	24	static
../Core/Src/main.c:584:6:Error_Handler	8	static,ignoring_inline_asm
