../Core/Src/main.c:102:5:main	80	static
../Core/Src/main.c:202:6:SystemClock_Config	96	static
../Core/Src/main.c:249:13:MX_RTC_Init	72	static
../Core/Src/main.c:334:13:MX_TIM6_Init	24	static
../Core/Src/main.c:372:13:MX_USART2_UART_Init	8	static
../Core/Src/main.c:420:13:MX_USART3_UART_Init	8	static
../Core/Src/main.c:468:13:MX_USART4_UART_Init	8	static
../Core/Src/main.c:504:13:MX_GPIO_Init	56	static
../Core/Src/main.c:551:6:send_debug_logs	24	static
../Core/Src/main.c:564:6:reset_astronode	8	static
../Core/Src/main.c:571:6:send_astronode_request	16	static
../Core/Src/main.c:578:6:is_astronode_character_received	16	static
../Core/Src/main.c:582:6:is_evt_pin_high	8	static
../Core/Src/main.c:586:10:get_systick	8	static
../Core/Src/main.c:590:6:is_systick_timeout_over	16	static
../Core/Src/main.c:596:6:my_tim_init	16	static
../Core/Src/main.c:601:6:my_tim_start	16	static
../Core/Src/main.c:607:6:my_tim_stop	16	static
../Core/Src/main.c:613:6:my_astro_init	88	static
../Core/Src/main.c:653:6:is_system_initialized	24	static
../Core/Src/main.c:662:6:HAL_RTC_AlarmAEventCallback	16	static
../Core/Src/main.c:671:6:HAL_TIM_PeriodElapsedCallback	16	static
../Core/Src/main.c:685:6:HAL_GPIO_EXTI_Rising_Callback	96	static
../Core/Src/main.c:705:6:Error_Handler	8	static,ignoring_inline_asm
