../Core/Src/main.c:117:5:main	80	static
../Core/Src/main.c:231:6:SystemClock_Config	96	static
../Core/Src/main.c:278:13:MX_RTC_Init	72	static
../Core/Src/main.c:363:13:MX_TIM6_Init	24	static
../Core/Src/main.c:401:13:MX_USART2_UART_Init	8	static
../Core/Src/main.c:449:13:MX_USART3_UART_Init	8	static
../Core/Src/main.c:497:13:MX_USART4_UART_Init	8	static
../Core/Src/main.c:533:13:MX_GPIO_Init	56	static
../Core/Src/main.c:580:6:send_debug_logs	24	static
../Core/Src/main.c:593:6:reset_astronode	8	static
../Core/Src/main.c:600:6:send_astronode_request	16	static
../Core/Src/main.c:607:6:is_astronode_character_received	16	static
../Core/Src/main.c:611:6:is_evt_pin_high	8	static
../Core/Src/main.c:615:10:get_systick	8	static
../Core/Src/main.c:619:6:is_systick_timeout_over	16	static
../Core/Src/main.c:625:6:my_tim_init	16	static
../Core/Src/main.c:630:6:my_tim_start	16	static
../Core/Src/main.c:636:6:my_tim_stop	16	static
../Core/Src/main.c:642:6:my_astro_init	88	static
../Core/Src/main.c:682:6:is_system_initialized	24	static
../Core/Src/main.c:691:6:HAL_RTC_AlarmAEventCallback	16	static
../Core/Src/main.c:701:6:HAL_TIM_PeriodElapsedCallback	16	static
../Core/Src/main.c:715:6:HAL_GPIO_EXTI_Rising_Callback	96	static
../Core/Src/main.c:735:6:Error_Handler	8	static,ignoring_inline_asm
